Archive member included to satisfy reference by file (symbol)

c:/arm-gcc/10.2021.10/bin/../lib/gcc/arm-none-eabi/10.3.1/thumb/v6-m/nofp\libgcc.a(_dvmd_tls.o)
                              CMakeFiles/midterm2.dir/C_/pico-sdk/src/rp2_common/pico_divider/divider.S.obj (__aeabi_idiv0)
c:/arm-gcc/10.2021.10/bin/../lib/gcc/arm-none-eabi/10.3.1/../../../../arm-none-eabi/lib/thumb/v6-m/nofp\libc.a(lib_a-calloc.o)
                              CMakeFiles/midterm2.dir/C_/pico-sdk/src/rp2_common/pico_malloc/pico_malloc.c.obj (calloc)
c:/arm-gcc/10.2021.10/bin/../lib/gcc/arm-none-eabi/10.3.1/../../../../arm-none-eabi/lib/thumb/v6-m/nofp\libc.a(lib_a-callocr.o)
                              c:/arm-gcc/10.2021.10/bin/../lib/gcc/arm-none-eabi/10.3.1/../../../../arm-none-eabi/lib/thumb/v6-m/nofp\libc.a(lib_a-calloc.o) (_calloc_r)
c:/arm-gcc/10.2021.10/bin/../lib/gcc/arm-none-eabi/10.3.1/../../../../arm-none-eabi/lib/thumb/v6-m/nofp\libc.a(lib_a-errno.o)
                              c:/arm-gcc/10.2021.10/bin/../lib/gcc/arm-none-eabi/10.3.1/../../../../arm-none-eabi/lib/thumb/v6-m/nofp\libc.a(lib_a-callocr.o) (__errno)
c:/arm-gcc/10.2021.10/bin/../lib/gcc/arm-none-eabi/10.3.1/../../../../arm-none-eabi/lib/thumb/v6-m/nofp\libc.a(lib_a-impure.o)
                              c:/arm-gcc/10.2021.10/bin/../lib/gcc/arm-none-eabi/10.3.1/../../../../arm-none-eabi/lib/thumb/v6-m/nofp\libc.a(lib_a-calloc.o) (_impure_ptr)
c:/arm-gcc/10.2021.10/bin/../lib/gcc/arm-none-eabi/10.3.1/../../../../arm-none-eabi/lib/thumb/v6-m/nofp\libc.a(lib_a-init.o)
                              c:/arm-gcc/10.2021.10/bin/../lib/gcc/arm-none-eabi/10.3.1/../../../../arm-none-eabi/lib/thumb/v6-m/nofp/crt0.o (__libc_init_array)
c:/arm-gcc/10.2021.10/bin/../lib/gcc/arm-none-eabi/10.3.1/../../../../arm-none-eabi/lib/thumb/v6-m/nofp\libc.a(lib_a-malloc.o)
                              CMakeFiles/midterm2.dir/C_/pico-sdk/src/rp2_common/pico_malloc/pico_malloc.c.obj (malloc)
c:/arm-gcc/10.2021.10/bin/../lib/gcc/arm-none-eabi/10.3.1/../../../../arm-none-eabi/lib/thumb/v6-m/nofp\libc.a(lib_a-mallocr.o)
                              c:/arm-gcc/10.2021.10/bin/../lib/gcc/arm-none-eabi/10.3.1/../../../../arm-none-eabi/lib/thumb/v6-m/nofp\libc.a(lib_a-callocr.o) (_malloc_r)
c:/arm-gcc/10.2021.10/bin/../lib/gcc/arm-none-eabi/10.3.1/../../../../arm-none-eabi/lib/thumb/v6-m/nofp\libc.a(lib_a-mlock.o)
                              c:/arm-gcc/10.2021.10/bin/../lib/gcc/arm-none-eabi/10.3.1/../../../../arm-none-eabi/lib/thumb/v6-m/nofp\libc.a(lib_a-mallocr.o) (__malloc_lock)
c:/arm-gcc/10.2021.10/bin/../lib/gcc/arm-none-eabi/10.3.1/../../../../arm-none-eabi/lib/thumb/v6-m/nofp\libc.a(lib_a-rand.o)
                              CMakeFiles/midterm2.dir/main.c.obj (srand)
c:/arm-gcc/10.2021.10/bin/../lib/gcc/arm-none-eabi/10.3.1/../../../../arm-none-eabi/lib/thumb/v6-m/nofp\libc.a(lib_a-realloc.o)
                              CMakeFiles/midterm2.dir/C_/pico-sdk/src/rp2_common/pico_malloc/pico_malloc.c.obj (realloc)
c:/arm-gcc/10.2021.10/bin/../lib/gcc/arm-none-eabi/10.3.1/../../../../arm-none-eabi/lib/thumb/v6-m/nofp\libc.a(lib_a-reallocr.o)
                              c:/arm-gcc/10.2021.10/bin/../lib/gcc/arm-none-eabi/10.3.1/../../../../arm-none-eabi/lib/thumb/v6-m/nofp\libc.a(lib_a-realloc.o) (_realloc_r)
c:/arm-gcc/10.2021.10/bin/../lib/gcc/arm-none-eabi/10.3.1/../../../../arm-none-eabi/lib/thumb/v6-m/nofp\libc.a(lib_a-sbrkr.o)
                              c:/arm-gcc/10.2021.10/bin/../lib/gcc/arm-none-eabi/10.3.1/../../../../arm-none-eabi/lib/thumb/v6-m/nofp\libc.a(lib_a-mallocr.o) (_sbrk_r)
c:/arm-gcc/10.2021.10/bin/../lib/gcc/arm-none-eabi/10.3.1/../../../../arm-none-eabi/lib/thumb/v6-m/nofp\libc.a(lib_a-strlen-stub.o)
                              CMakeFiles/midterm2.dir/C_/pico-sdk/src/rp2_common/pico_stdio/stdio.c.obj (strlen)
c:/arm-gcc/10.2021.10/bin/../lib/gcc/arm-none-eabi/10.3.1/../../../../arm-none-eabi/lib/thumb/v6-m/nofp\libc.a(lib_a-time.o)
                              CMakeFiles/midterm2.dir/main.c.obj (time)
c:/arm-gcc/10.2021.10/bin/../lib/gcc/arm-none-eabi/10.3.1/../../../../arm-none-eabi/lib/thumb/v6-m/nofp\libc.a(lib_a-freer.o)
                              c:/arm-gcc/10.2021.10/bin/../lib/gcc/arm-none-eabi/10.3.1/../../../../arm-none-eabi/lib/thumb/v6-m/nofp\libc.a(lib_a-malloc.o) (_free_r)
c:/arm-gcc/10.2021.10/bin/../lib/gcc/arm-none-eabi/10.3.1/../../../../arm-none-eabi/lib/thumb/v6-m/nofp\libc.a(lib_a-gettimeofdayr.o)
                              c:/arm-gcc/10.2021.10/bin/../lib/gcc/arm-none-eabi/10.3.1/../../../../arm-none-eabi/lib/thumb/v6-m/nofp\libc.a(lib_a-time.o) (_gettimeofday_r)
c:/arm-gcc/10.2021.10/bin/../lib/gcc/arm-none-eabi/10.3.1/../../../../arm-none-eabi/lib/thumb/v6-m/nofp\libc.a(lib_a-lock.o)
                              c:/arm-gcc/10.2021.10/bin/../lib/gcc/arm-none-eabi/10.3.1/../../../../arm-none-eabi/lib/thumb/v6-m/nofp\libc.a(lib_a-mlock.o) (__retarget_lock_acquire_recursive)
[...]
Memory Configuration

Name             Origin             Length             Attributes
FLASH            0x10000000         0x00200000         xr
RAM              0x20000000         0x00040000         xrw
SCRATCH_X        0x20040000         0x00001000         xrw
SCRATCH_Y        0x20041000         0x00001000         xrw
*default*        0x00000000         0xffffffff

Linker script and memory map

LOAD c:/arm-gcc/10.2021.10/bin/../lib/gcc/arm-none-eabi/10.3.1/thumb/v6-m/nofp/crti.o
LOAD c:/arm-gcc/10.2021.10/bin/../lib/gcc/arm-none-eabi/10.3.1/thumb/v6-m/nofp/crtbegin.o
LOAD c:/arm-gcc/10.2021.10/bin/../lib/gcc/arm-none-eabi/10.3.1/../../../../arm-none-eabi/lib/thumb/v6-m/nofp/crt0.o

.flash_begin    0x10000000        0x0
                0x10000000                __flash_binary_start = .

.boot2          0x10000000      0x100
                0x10000000                __boot2_start__ = .
 *(.boot2)
 .boot2         0x10000000      0x100 C:\Users\RK\AppData\Local\Temp\ccAz3zh2.o
                0x10000100                __boot2_end__ = .
                0x00000001                ASSERT (((__boot2_end__ - __boot2_start__) == 0x100), ERROR: Pico second stage bootloader must be 256 bytes in size)

.text           0x10000100     0x7840
                0x10000100                __logical_binary_start = .
 *(.vectors)
 .vectors       0x10000100       0xd4 CMakeFiles/midterm2.dir/C_/pico-sdk/src/rp2_common/pico_standard_link/crt0.S.obj
                0x10000100                __VECTOR_TABLE
                0x10000100                __vectors
                0x100001c0                isr_invalid
                0x100001c0                __default_isrs_start
                0x100001c2                isr_nmi
                0x100001c4                isr_hardfault
                0x100001c6                isr_svcall
                0x100001c8                isr_pendsv
                0x100001ca                isr_systick
                0x100001cc                isr_irq23
                0x100001cc                isr_irq18
                0x100001cc                isr_irq11
                0x100001cc                isr_irq28
                0x100001cc                isr_irq19
                0x100001cc                isr_irq0
                0x100001cc                isr_irq6
                0x100001cc                isr_irq5
                0x100001cc                isr_irq12
                0x100001cc                isr_irq22
                0x100001cc                isr_irq31
                0x100001cc                isr_irq17
                0x100001cc                isr_irq27
                0x100001cc                isr_irq30
                0x100001cc                isr_irq2
                0x100001cc                isr_irq10
                0x100001cc                isr_irq8
                0x100001cc                isr_irq24
                0x100001cc                isr_irq1
                0x100001cc                isr_irq7
                0x100001cc                isr_irq21
                0x100001cc                isr_irq20
                0x100001cc                isr_irq15
                0x100001cc                isr_irq25
                0x100001cc                isr_irq13
                0x100001cc                __unhandled_user_irq
                0x100001cc                isr_irq4
                0x100001cc                isr_irq16
                0x100001cc                isr_irq29
                0x100001cc                isr_irq26
                0x100001cc                __default_isrs_end
                0x100001cc                isr_irq3
                0x100001cc                isr_irq14
                0x100001cc                isr_irq9
                0x100001d2                unhandled_user_irq_num_in_r0
 *(.binary_info_header)
 .binary_info_header
                0x100001d4       0x14 CMakeFiles/midterm2.dir/C_/pico-sdk/src/rp2_common/pico_standard_link/crt0.S.obj
                0x100001e8                __binary_info_header_end = .
 *(.reset)
 .reset         0x100001e8       0xa8 CMakeFiles/midterm2.dir/C_/pico-sdk/src/rp2_common/pico_standard_link/crt0.S.obj
                0x100001e8                _entry_point
                0x10000266                __get_current_exception
 .reset         0x10000290       0x30 CMakeFiles/midterm2.dir/C_/pico-sdk/src/rp2_common/pico_standard_link/binary_info.c.obj
 *(.init)
 .init          0x100002c0        0x4 c:/arm-gcc/10.2021.10/bin/../lib/gcc/arm-none-eabi/10.3.1/thumb/v6-m/nofp/crti.o
                0x100002c0                _init
 *(EXCLUDE_FILE(*libm.a: *libc.a:*lib_a-mem*.o *libgcc.a:) .text*)
 .text          0x100002c4       0x48 c:/arm-gcc/10.2021.10/bin/../lib/gcc/arm-none-eabi/10.3.1/thumb/v6-m/nofp/crtbegin.o
 .text.debounce
                0x1000030c       0x54 CMakeFiles/midterm2.dir/debounce.c.obj
                0x1000030c                debounce
 .text.set_rising_edge_state
                0x10000360       0x24 CMakeFiles/midterm2.dir/debounce.c.obj
                0x10000360                set_rising_edge_state
 .text.set_falling_edge_state
                0x10000384       0x1c CMakeFiles/midterm2.dir/debounce.c.obj
                0x10000384                set_falling_edge_state
 .text.reset_btn_state
                0x100003a0       0x14 CMakeFiles/midterm2.dir/debounce.c.obj
                0x100003a0                reset_btn_state
 .text.core1_entry
                0x100003b4       0x20 CMakeFiles/midterm2.dir/main.c.obj
                0x100003b4                core1_entry
 .text.gpio_callback
                0x100003d4      0x154 CMakeFiles/midterm2.dir/main.c.obj
                0x100003d4                gpio_callback
 .text.show_pattern
                0x10000528       0xc8 CMakeFiles/midterm2.dir/main.c.obj
                0x10000528                show_pattern
 .text.startup.main
                0x100005f0      0x100 CMakeFiles/midterm2.dir/main.c.obj
                0x100005f0                main
 .text.gpio_default_irq_handler
                0x100006f0      0x248 CMakeFiles/midterm2.dir/C_/pico-sdk/src/rp2_common/hardware_gpio/gpio.c.obj
 .text.gpio_set_irq_enabled
                0x10000938       0x54 CMakeFiles/midterm2.dir/C_/pico-sdk/src/rp2_common/hardware_gpio/gpio.c.obj
                0x10000938                gpio_set_irq_enabled
 .text.gpio_set_irq_enabled_with_callback
                0x1000098c       0xb0 CMakeFiles/midterm2.dir/C_/pico-sdk/src/rp2_common/hardware_gpio/gpio.c.obj
                0x1000098c                gpio_set_irq_enabled_with_callback
 .text.gpio_init
                0x10000a3c       0x3c CMakeFiles/midterm2.dir/C_/pico-sdk/src/rp2_common/hardware_gpio/gpio.c.obj
                0x10000a3c                gpio_init
 .text.hw_claim_or_assert
                0x10000a78       0x44 CMakeFiles/midterm2.dir/C_/pico-sdk/src/rp2_common/hardware_claim/claim.c.obj
                0x10000a78                hw_claim_or_assert
 .text.hw_claim_unused_from_range
                0x10000abc       0x9c CMakeFiles/midterm2.dir/C_/pico-sdk/src/rp2_common/hardware_claim/claim.c.obj
                0x10000abc                hw_claim_unused_from_range
 .text.running_on_fpga
                0x10000b58       0x10 CMakeFiles/midterm2.dir/C_/pico-sdk/src/rp2_common/pico_platform/platform.c.obj
                0x10000b58                running_on_fpga
 .text.spin_locks_reset
                0x10000b68       0x1c CMakeFiles/midterm2.dir/C_/pico-sdk/src/rp2_common/hardware_sync/sync.c.obj
                0x10000b68                spin_locks_reset
 .text.next_striped_spin_lock_num
                0x10000b84       0x18 CMakeFiles/midterm2.dir/C_/pico-sdk/src/rp2_common/hardware_sync/sync.c.obj
                0x10000b84                next_striped_spin_lock_num
 .text.spin_lock_claim_unused
                0x10000b9c       0x20 CMakeFiles/midterm2.dir/C_/pico-sdk/src/rp2_common/hardware_sync/sync.c.obj
                0x10000b9c                spin_lock_claim_unused
 .text.irq_set_enabled
                0x10000bbc       0x24 CMakeFiles/midterm2.dir/C_/pico-sdk/src/rp2_common/hardware_irq/irq.c.obj
                0x10000bbc                irq_set_enabled
 .text.irq_is_enabled
                0x10000be0       0x18 CMakeFiles/midterm2.dir/C_/pico-sdk/src/rp2_common/hardware_irq/irq.c.obj
                0x10000be0                irq_is_enabled
 .text.irq_set_pending
                0x10000bf8       0x10 CMakeFiles/midterm2.dir/C_/pico-sdk/src/rp2_common/hardware_irq/irq.c.obj
                0x10000bf8                irq_set_pending
 .text.irq_has_shared_handler
                0x10000c08       0x2c CMakeFiles/midterm2.dir/C_/pico-sdk/src/rp2_common/hardware_irq/irq.c.obj
                0x10000c08                irq_has_shared_handler
 .text.irq_get_vtable_handler
                0x10000c34       0x10 CMakeFiles/midterm2.dir/C_/pico-sdk/src/rp2_common/hardware_irq/irq.c.obj
                0x10000c34                irq_get_vtable_handler
 .text.irq_set_exclusive_handler
                0x10000c44       0x54 CMakeFiles/midterm2.dir/C_/pico-sdk/src/rp2_common/hardware_irq/irq.c.obj
                0x10000c44                irq_set_exclusive_handler
 .text.irq_add_shared_handler
                0x10000c98      0x1e4 CMakeFiles/midterm2.dir/C_/pico-sdk/src/rp2_common/hardware_irq/irq.c.obj
                0x10000c98                irq_add_shared_handler
 .text.irq_remove_handler
                0x10000e7c      0x1b4 CMakeFiles/midterm2.dir/C_/pico-sdk/src/rp2_common/hardware_irq/irq.c.obj
                0x10000e7c                irq_remove_handler
 .text.irq_add_tail_to_free_list
                0x10001030       0xb4 CMakeFiles/midterm2.dir/C_/pico-sdk/src/rp2_common/hardware_irq/irq.c.obj
                0x10001030                irq_add_tail_to_free_list
 .text.irq_init_priorities
                0x100010e4       0x24 CMakeFiles/midterm2.dir/C_/pico-sdk/src/rp2_common/hardware_irq/irq.c.obj
                0x100010e4                irq_init_priorities
 .text.user_irq_claim_unused
                0x10001108       0x30 CMakeFiles/midterm2.dir/C_/pico-sdk/src/rp2_common/hardware_irq/irq.c.obj
                0x10001108                user_irq_claim_unused
 .text.lock_init
                0x10001138       0x10 CMakeFiles/midterm2.dir/C_/pico-sdk/src/common/pico_sync/lock_core.c.obj
                0x10001138                lock_init
 .text.timer_pool_entry_comparator
                0x10001148       0x34 CMakeFiles/midterm2.dir/C_/pico-sdk/src/common/pico_time/time.c.obj
                0x10001148                timer_pool_entry_comparator
 .text.sleep_until_callback
                0x1000117c       0x30 CMakeFiles/midterm2.dir/C_/pico-sdk/src/common/pico_time/time.c.obj
 .text.add_alarm_under_lock.isra.0
                0x100011ac      0x100 CMakeFiles/midterm2.dir/C_/pico-sdk/src/common/pico_time/time.c.obj
 .text.alarm_pool_alarm_callback
                0x100012ac      0x1c8 CMakeFiles/midterm2.dir/C_/pico-sdk/src/common/pico_time/time.c.obj
 .text.alarm_pool_add_alarm_at.constprop.0
                0x10001474      0x11c CMakeFiles/midterm2.dir/C_/pico-sdk/src/common/pico_time/time.c.obj
 .text.alarm_pool_init_default
                0x10001590       0x64 CMakeFiles/midterm2.dir/C_/pico-sdk/src/common/pico_time/time.c.obj
                0x10001590                alarm_pool_init_default
 .text.alarm_pool_get_default
                0x100015f4        0x8 CMakeFiles/midterm2.dir/C_/pico-sdk/src/common/pico_time/time.c.obj
                0x100015f4                alarm_pool_get_default
 .text.alarm_pool_add_alarm_at
                0x100015fc      0x194 CMakeFiles/midterm2.dir/C_/pico-sdk/src/common/pico_time/time.c.obj
                0x100015fc                alarm_pool_add_alarm_at
 .text.sleep_until
                0x10001790       0xac CMakeFiles/midterm2.dir/C_/pico-sdk/src/common/pico_time/time.c.obj
                0x10001790                sleep_until
 .text.sleep_ms
                0x1000183c       0x38 CMakeFiles/midterm2.dir/C_/pico-sdk/src/common/pico_time/time.c.obj
                0x1000183c                sleep_ms
 .text.best_effort_wfe_or_timeout
                0x10001874       0xd4 CMakeFiles/midterm2.dir/C_/pico-sdk/src/common/pico_time/time.c.obj
                0x10001874                best_effort_wfe_or_timeout
 .text.hardware_alarm_irq_handler
                0x10001948       0xb8 CMakeFiles/midterm2.dir/C_/pico-sdk/src/rp2_common/hardware_timer/timer.c.obj
 .text.hardware_alarm_claim
                0x10001a00       0x18 CMakeFiles/midterm2.dir/C_/pico-sdk/src/rp2_common/hardware_timer/timer.c.obj
                0x10001a00                hardware_alarm_claim
 .text.time_us_64
                0x10001a18       0x14 CMakeFiles/midterm2.dir/C_/pico-sdk/src/rp2_common/hardware_timer/timer.c.obj
                0x10001a18                time_us_64
 .text.busy_wait_until
                0x10001a2c       0x20 CMakeFiles/midterm2.dir/C_/pico-sdk/src/rp2_common/hardware_timer/timer.c.obj
                0x10001a2c                busy_wait_until
 .text.hardware_alarm_set_callback
                0x10001a4c       0x8c CMakeFiles/midterm2.dir/C_/pico-sdk/src/rp2_common/hardware_timer/timer.c.obj
                0x10001a4c                hardware_alarm_set_callback
 .text.hardware_alarm_set_target
                0x10001ad8       0xe0 CMakeFiles/midterm2.dir/C_/pico-sdk/src/rp2_common/hardware_timer/timer.c.obj
                0x10001ad8                hardware_alarm_set_target
 .text.hardware_alarm_cancel
                0x10001bb8       0x3c CMakeFiles/midterm2.dir/C_/pico-sdk/src/rp2_common/hardware_timer/timer.c.obj
                0x10001bb8                hardware_alarm_cancel
 .text.ph_merge_nodes
                0x10001bf4       0x68 CMakeFiles/midterm2.dir/C_/pico-sdk/src/common/pico_util/pheap.c.obj
 .text.ph_post_alloc_init
                0x10001c5c       0x3c CMakeFiles/midterm2.dir/C_/pico-sdk/src/common/pico_util/pheap.c.obj
                0x10001c5c                ph_post_alloc_init
 .text.ph_merge_two_pass
                0x10001c98       0x90 CMakeFiles/midterm2.dir/C_/pico-sdk/src/common/pico_util/pheap.c.obj
                0x10001c98                ph_merge_two_pass
 .text.ph_remove_any_head
                0x10001d28       0xf8 CMakeFiles/midterm2.dir/C_/pico-sdk/src/common/pico_util/pheap.c.obj
 .text.ph_remove_head
                0x10001e20       0xfc CMakeFiles/midterm2.dir/C_/pico-sdk/src/common/pico_util/pheap.c.obj
                0x10001e20                ph_remove_head
 .text.ph_remove_and_free_node
                0x10001f1c       0x7c CMakeFiles/midterm2.dir/C_/pico-sdk/src/common/pico_util/pheap.c.obj
                0x10001f1c                ph_remove_and_free_node
 .text.mutex_init
                0x10001f98       0x1c CMakeFiles/midterm2.dir/C_/pico-sdk/src/common/pico_sync/mutex.c.obj
                0x10001f98                mutex_init
 .text.recursive_mutex_init
                0x10001fb4       0x1c CMakeFiles/midterm2.dir/C_/pico-sdk/src/common/pico_sync/mutex.c.obj
                0x10001fb4                recursive_mutex_init
 .text.critical_section_init
                0x10001fd0       0x20 CMakeFiles/midterm2.dir/C_/pico-sdk/src/common/pico_sync/critical_section.c.obj
                0x10001fd0                critical_section_init
 .text.runtime_init
                0x10001ff0       0xf0 CMakeFiles/midterm2.dir/C_/pico-sdk/src/rp2_common/pico_runtime/runtime.c.obj
                0x10001ff0                runtime_init
 .text.exit     0x100020e0        0x4 CMakeFiles/midterm2.dir/C_/pico-sdk/src/rp2_common/pico_runtime/runtime.c.obj
                0x100020e0                exit
 .text.panic    0x100020e4       0x30 CMakeFiles/midterm2.dir/C_/pico-sdk/src/rp2_common/pico_runtime/runtime.c.obj
                0x100020e4                panic
 .text.hard_assertion_failure
                0x10002114        0xc CMakeFiles/midterm2.dir/C_/pico-sdk/src/rp2_common/pico_runtime/runtime.c.obj
                0x10002114                hard_assertion_failure
 .text.clocks_init
                0x10002120      0x2bc CMakeFiles/midterm2.dir/C_/pico-sdk/src/rp2_common/hardware_clocks/clocks.c.obj
                0x10002120                clocks_init
 .text.pll_init
                0x100023dc       0xb0 CMakeFiles/midterm2.dir/C_/pico-sdk/src/rp2_common/hardware_pll/pll.c.obj
                0x100023dc                pll_init
 .text.watchdog_start_tick
                0x1000248c       0x10 CMakeFiles/midterm2.dir/C_/pico-sdk/src/rp2_common/hardware_watchdog/watchdog.c.obj
                0x1000248c                watchdog_start_tick
 .text.watchdog_reboot
                0x1000249c       0x98 CMakeFiles/midterm2.dir/C_/pico-sdk/src/rp2_common/hardware_watchdog/watchdog.c.obj
                0x1000249c                watchdog_reboot
 .text.xosc_init
                0x10002534       0x28 CMakeFiles/midterm2.dir/C_/pico-sdk/src/rp2_common/hardware_xosc/xosc.c.obj
                0x10002534                xosc_init
 .text._out_null
                0x1000255c        0x4 CMakeFiles/midterm2.dir/C_/pico-sdk/src/rp2_common/pico_printf/printf.c.obj
 .text._out_rev
                0x10002560       0x9c CMakeFiles/midterm2.dir/C_/pico-sdk/src/rp2_common/pico_printf/printf.c.obj
 .text._ntoa_format
                0x100025fc      0x1cc CMakeFiles/midterm2.dir/C_/pico-sdk/src/rp2_common/pico_printf/printf.c.obj
 .text._out_char
                0x100027c8       0x10 CMakeFiles/midterm2.dir/C_/pico-sdk/src/rp2_common/pico_printf/printf.c.obj
 .text._out_fct
                0x100027d8       0x10 CMakeFiles/midterm2.dir/C_/pico-sdk/src/rp2_common/pico_printf/printf.c.obj
 .text._etoa    0x100027e8      0x44c CMakeFiles/midterm2.dir/C_/pico-sdk/src/rp2_common/pico_printf/printf.c.obj
 .text._ftoa    0x10002c34      0x398 CMakeFiles/midterm2.dir/C_/pico-sdk/src/rp2_common/pico_printf/printf.c.obj
 .text._vsnprintf
                0x10002fcc      0xb04 CMakeFiles/midterm2.dir/C_/pico-sdk/src/rp2_common/pico_printf/printf.c.obj
 .text.vfctprintf
                0x10003ad0       0x20 CMakeFiles/midterm2.dir/C_/pico-sdk/src/rp2_common/pico_printf/printf.c.obj
                0x10003ad0                vfctprintf
 .text.weak_raw_vprintf
                0x10003af0       0x30 CMakeFiles/midterm2.dir/C_/pico-sdk/src/rp2_common/pico_printf/printf.c.obj
                0x10003af0                weak_raw_vprintf
 .text          0x10003b20       0x10 CMakeFiles/midterm2.dir/C_/pico-sdk/src/rp2_common/pico_bit_ops/bit_ops_aeabi.S.obj
 .text.rom_func_lookup
                0x10003b30       0x10 CMakeFiles/midterm2.dir/C_/pico-sdk/src/rp2_common/pico_bootrom/bootrom.c.obj
                0x10003b30                rom_func_lookup
 .text.rom_data_lookup
                0x10003b40       0x10 CMakeFiles/midterm2.dir/C_/pico-sdk/src/rp2_common/pico_bootrom/bootrom.c.obj
                0x10003b40                rom_data_lookup
 .text.rom_funcs_lookup
                0x10003b50       0x44 CMakeFiles/midterm2.dir/C_/pico-sdk/src/rp2_common/pico_bootrom/bootrom.c.obj
                0x10003b50                rom_funcs_lookup
 .text.__wrap___aeabi_idiv
                0x10003b94       0x50 CMakeFiles/midterm2.dir/C_/pico-sdk/src/rp2_common/pico_divider/divider.S.obj
                0x10003b94                __wrap___aeabi_idivmod
                0x10003b94                divmod_s32s32
                0x10003b94                div_s32s32
                0x10003b94                __wrap___aeabi_idiv
                0x10003b9c                divmod_s32s32_unsafe
                0x10003bc8                divmod_s32s32_savestate
 .text.__wrap___aeabi_uidiv
                0x10003be4       0x4c CMakeFiles/midterm2.dir/C_/pico-sdk/src/rp2_common/pico_divider/divider.S.obj
                0x10003be4                __wrap___aeabi_uidiv
                0x10003be4                __wrap___aeabi_uidivmod
                0x10003be4                div_u32u32
                0x10003be4                divmod_u32u32
                0x10003bec                divmod_u32u32_unsafe
                0x10003c14                divmod_u32u32_savestate
 .text.__wrap___aeabi_ldiv
                0x10003c30      0x434 CMakeFiles/midterm2.dir/C_/pico-sdk/src/rp2_common/pico_divider/divider.S.obj
                0x10003c30                div_s64s64
                0x10003c30                divmod_s64s64
                0x10003c30                __wrap___aeabi_ldivmod
                0x10003c68                divmod_u64u64
                0x10003c68                div_u64u64
                0x10003c68                __wrap___aeabi_uldivmod
                0x10003c78                divmod_u64u64_savestate
                0x10003ca0                divmod_s64s64_unsafe
                0x10003d28                divmod_u64u64_unsafe
 .text.__wrap___aeabi_darithmetic
                0x10004064       0x80 CMakeFiles/midterm2.dir/C_/pico-sdk/src/rp2_common/pico_double/double_aeabi.S.obj
                0x10004064                __wrap___aeabi_drsub
                0x1000406a                __wrap___aeabi_dsub
                0x1000407c                __wrap___aeabi_dadd
                0x1000408e                __wrap___aeabi_ddiv
                0x100040ca                __wrap___aeabi_dmul
 .text.__wrap___aeabi_cdcmple
                0x100040e4       0x6c CMakeFiles/midterm2.dir/C_/pico-sdk/src/rp2_common/pico_double/double_aeabi.S.obj
                0x100040e4                __wrap___aeabi_cdrcmple
                0x100040f4                __wrap___aeabi_cdcmpeq
                0x100040f4                __wrap___aeabi_cdcmple
 .text.__wrap___aeabi_dcmplt
                0x10004150        0xc CMakeFiles/midterm2.dir/C_/pico-sdk/src/rp2_common/pico_double/double_aeabi.S.obj
                0x10004150                __wrap___aeabi_dcmplt
 .text.__wrap___aeabi_dcmple
                0x1000415c       0x10 CMakeFiles/midterm2.dir/C_/pico-sdk/src/rp2_common/pico_double/double_aeabi.S.obj
                0x1000415c                __wrap___aeabi_dcmple
 .text.__wrap___aeabi_dcmpge
                0x1000416c       0x10 CMakeFiles/midterm2.dir/C_/pico-sdk/src/rp2_common/pico_double/double_aeabi.S.obj
                0x1000416c                __wrap___aeabi_dcmpge
 .text.__wrap___aeabi_dcmpgt
                0x1000417c        0xa CMakeFiles/midterm2.dir/C_/pico-sdk/src/rp2_common/pico_double/double_aeabi.S.obj
                0x1000417c                __wrap___aeabi_dcmpgt
 .text.__wrap___aeabi_dcmpun
                0x10004186       0x1c CMakeFiles/midterm2.dir/C_/pico-sdk/src/rp2_common/pico_double/double_aeabi.S.obj
                0x10004186                __wrap___aeabi_dcmpun
 *fill*         0x100041a2        0x2 
 .text.__wrap___aeabi_i2d
                0x100041a4       0x38 CMakeFiles/midterm2.dir/C_/pico-sdk/src/rp2_common/pico_double/double_aeabi.S.obj
                0x100041a4                __wrap___aeabi_ui2d
                0x100041ac                __wrap___aeabi_i2d
 .text.__wrap___aeabi_d2iz
                0x100041dc       0x48 CMakeFiles/midterm2.dir/C_/pico-sdk/src/rp2_common/pico_double/double_aeabi.S.obj
                0x100041dc                double2int_z
                0x100041dc                __wrap___aeabi_d2iz
 .text.__wrap___aeabi_d2uiz
                0x10004224       0x18 CMakeFiles/midterm2.dir/C_/pico-sdk/src/rp2_common/pico_double/double_aeabi.S.obj
                0x10004224                __wrap___aeabi_d2uiz
                0x10004224                double2uint
 .text.__aeabi_double_init
                0x1000423c       0x94 CMakeFiles/midterm2.dir/C_/pico-sdk/src/rp2_common/pico_double/double_init_rom.c.obj
                0x1000423c                __aeabi_double_init
 .text.double_table_shim_on_use_helper
                0x100042d0       0x2c CMakeFiles/midterm2.dir/C_/pico-sdk/src/rp2_common/pico_double/double_v1_rom_shim.S.obj
                0x100042d0                double_table_shim_on_use_helper
 .text.__wrap___aeabi_dsub
                0x100042fc       0x10 CMakeFiles/midterm2.dir/C_/pico-sdk/src/rp2_common/pico_double/double_v1_rom_shim.S.obj
                0x100042fc                drsub_shim
                0x10004302                dsub_shim
 .text.dadd_shim
                0x1000430c      0x15c CMakeFiles/midterm2.dir/C_/pico-sdk/src/rp2_common/pico_double/double_v1_rom_shim.S.obj
                0x1000430c                dadd_shim
 .text.dmul_shim
                0x10004468      0x15c CMakeFiles/midterm2.dir/C_/pico-sdk/src/rp2_common/pico_double/double_v1_rom_shim.S.obj
                0x10004468                dmul_shim
 .text.ddiv_shim
                0x100045c4      0x1b0 CMakeFiles/midterm2.dir/C_/pico-sdk/src/rp2_common/pico_double/double_v1_rom_shim.S.obj
                0x100045c4                ddiv_shim
 .text.double2uint_shim
                0x10004774        0xe CMakeFiles/midterm2.dir/C_/pico-sdk/src/rp2_common/pico_double/double_v1_rom_shim.S.obj
                0x10004774                double2uint_shim
                0x10004776                double2ufix_shim
 *fill*         0x10004782        0x2 
 .text.double2uint64_shim
                0x10004784       0x70 CMakeFiles/midterm2.dir/C_/pico-sdk/src/rp2_common/pico_double/double_v1_rom_shim.S.obj
                0x10004784                double2uint64_shim
                0x10004786                double2ufix64_shim
                0x100047a6                d2fix_a
 .text.dunpacks
                0x100047f4       0x3c CMakeFiles/midterm2.dir/C_/pico-sdk/src/rp2_common/pico_double/double_v1_rom_shim.S.obj
                0x100047f4                dunpacks
 .text.__aeabi_lmul
                0x10004830       0x32 CMakeFiles/midterm2.dir/C_/pico-sdk/src/rp2_common/pico_int64_ops/pico_int64_ops_aeabi.S.obj
                0x10004830                __wrap___aeabi_lmul
 *fill*         0x10004862        0x2 
 .text.__aeabi_float_init
                0x10004864       0x64 CMakeFiles/midterm2.dir/C_/pico-sdk/src/rp2_common/pico_float/float_init_rom.c.obj
                0x10004864                __aeabi_float_init
 .text.float_table_shim_on_use_helper
                0x100048c8       0x2c CMakeFiles/midterm2.dir/C_/pico-sdk/src/rp2_common/pico_float/float_v1_rom_shim.S.obj
                0x100048c8                float_table_shim_on_use_helper
 .text          0x100048f4       0x10 CMakeFiles/midterm2.dir/C_/pico-sdk/src/rp2_common/pico_mem_ops/mem_ops_aeabi.S.obj
                0x100048f4                __aeabi_mem_init
 .text.memset   0x10004904        0xc CMakeFiles/midterm2.dir/C_/pico-sdk/src/rp2_common/pico_mem_ops/mem_ops_aeabi.S.obj
                0x10004904                __wrap_memset
 .text.memcpy   0x10004910        0xc CMakeFiles/midterm2.dir/C_/pico-sdk/src/rp2_common/pico_mem_ops/mem_ops_aeabi.S.obj
                0x10004910                __wrap_memcpy
                0x10004910                __wrap___aeabi_memcpy
 .text.stdio_out_chars_no_crlf
                0x1000491c       0x10 CMakeFiles/midterm2.dir/C_/pico-sdk/src/rp2_common/pico_stdio/stdio.c.obj
 .text.stdio_out_chars_crlf
                0x1000492c       0xb4 CMakeFiles/midterm2.dir/C_/pico-sdk/src/rp2_common/pico_stdio/stdio.c.obj
 .text.stdio_buffered_printer
                0x100049e0       0x64 CMakeFiles/midterm2.dir/C_/pico-sdk/src/rp2_common/pico_stdio/stdio.c.obj
 .text.stdio_put_string.isra.0
                0x10004a44       0xfc CMakeFiles/midterm2.dir/C_/pico-sdk/src/rp2_common/pico_stdio/stdio.c.obj
 .text.__wrap_putchar
                0x10004b40       0xa0 CMakeFiles/midterm2.dir/C_/pico-sdk/src/rp2_common/pico_stdio/stdio.c.obj
                0x10004b40                __wrap_putchar
 .text.__wrap_puts
                0x10004be0       0x3c CMakeFiles/midterm2.dir/C_/pico-sdk/src/rp2_common/pico_stdio/stdio.c.obj
                0x10004be0                __wrap_puts
 .text.stdio_set_driver_enabled
                0x10004c1c       0x30 CMakeFiles/midterm2.dir/C_/pico-sdk/src/rp2_common/pico_stdio/stdio.c.obj
                0x10004c1c                stdio_set_driver_enabled
 .text.__wrap_vprintf
                0x10004c4c       0xd8 CMakeFiles/midterm2.dir/C_/pico-sdk/src/rp2_common/pico_stdio/stdio.c.obj
                0x10004c4c                __wrap_vprintf
 .text.__wrap_printf
                0x10004d24       0x18 CMakeFiles/midterm2.dir/C_/pico-sdk/src/rp2_common/pico_stdio/stdio.c.obj
                0x10004d24                __wrap_printf
 .text.stdio_init_all
                0x10004d3c        0x8 CMakeFiles/midterm2.dir/C_/pico-sdk/src/rp2_common/pico_stdio/stdio.c.obj
                0x10004d3c                stdio_init_all
 .text.resetd_init
                0x10004d44        0x4 CMakeFiles/midterm2.dir/C_/pico-sdk/src/rp2_common/pico_stdio_usb/reset_interface.c.obj
 .text.resetd_reset
                0x10004d48        0xc CMakeFiles/midterm2.dir/C_/pico-sdk/src/rp2_common/pico_stdio_usb/reset_interface.c.obj
 .text.resetd_open
                0x10004d54       0x28 CMakeFiles/midterm2.dir/C_/pico-sdk/src/rp2_common/pico_stdio_usb/reset_interface.c.obj
 .text.resetd_xfer_cb
                0x10004d7c        0x4 CMakeFiles/midterm2.dir/C_/pico-sdk/src/rp2_common/pico_stdio_usb/reset_interface.c.obj
 .text.resetd_control_xfer_cb
                0x10004d80       0x64 CMakeFiles/midterm2.dir/C_/pico-sdk/src/rp2_common/pico_stdio_usb/reset_interface.c.obj
 .text.usbd_app_driver_get_cb
                0x10004de4        0xc CMakeFiles/midterm2.dir/C_/pico-sdk/src/rp2_common/pico_stdio_usb/reset_interface.c.obj
                0x10004de4                usbd_app_driver_get_cb
 .text.tud_cdc_line_coding_cb
                0x10004df0       0x34 CMakeFiles/midterm2.dir/C_/pico-sdk/src/rp2_common/pico_stdio_usb/reset_interface.c.obj
                0x10004df0                tud_cdc_line_coding_cb
 .text.stdio_usb_in_chars
                0x10004e24       0x68 CMakeFiles/midterm2.dir/C_/pico-sdk/src/rp2_common/pico_stdio_usb/stdio_usb.c.obj
                0x10004e24                stdio_usb_in_chars
 .text.stdio_usb_out_chars
                0x10004e8c       0xe4 CMakeFiles/midterm2.dir/C_/pico-sdk/src/rp2_common/pico_stdio_usb/stdio_usb.c.obj
 .text.timer_task
                0x10004f70       0x18 CMakeFiles/midterm2.dir/C_/pico-sdk/src/rp2_common/pico_stdio_usb/stdio_usb.c.obj
 .text.usb_irq  0x10004f88       0x10 CMakeFiles/midterm2.dir/C_/pico-sdk/src/rp2_common/pico_stdio_usb/stdio_usb.c.obj
 .text.low_priority_worker_irq
                0x10004f98       0x24 CMakeFiles/midterm2.dir/C_/pico-sdk/src/rp2_common/pico_stdio_usb/stdio_usb.c.obj
 .text.stdio_usb_init
                0x10004fbc       0xb0 CMakeFiles/midterm2.dir/C_/pico-sdk/src/rp2_common/pico_stdio_usb/stdio_usb.c.obj
                0x10004fbc                stdio_usb_init
 .text.tud_descriptor_device_cb
                0x1000506c        0x8 CMakeFiles/midterm2.dir/C_/pico-sdk/src/rp2_common/pico_stdio_usb/stdio_usb_descriptors.c.obj
                0x1000506c                tud_descriptor_device_cb
 .text.tud_descriptor_configuration_cb
                0x10005074        0x8 CMakeFiles/midterm2.dir/C_/pico-sdk/src/rp2_common/pico_stdio_usb/stdio_usb_descriptors.c.obj
                0x10005074                tud_descriptor_configuration_cb
 .text.tud_descriptor_string_cb
                0x1000507c       0x74 CMakeFiles/midterm2.dir/C_/pico-sdk/src/rp2_common/pico_stdio_usb/stdio_usb_descriptors.c.obj
                0x1000507c                tud_descriptor_string_cb
 .text.dcd_rp2040_irq
                0x100050f0      0x21c CMakeFiles/midterm2.dir/C_/pico-sdk/lib/tinyusb/src/portable/raspberrypi/rp2040/dcd_rp2040.c.obj
 .text.dcd_int_enable
                0x1000530c        0xc CMakeFiles/midterm2.dir/C_/pico-sdk/lib/tinyusb/src/portable/raspberrypi/rp2040/dcd_rp2040.c.obj
                0x1000530c                dcd_int_enable
 .text.dcd_set_address
                0x10005318       0x14 CMakeFiles/midterm2.dir/C_/pico-sdk/lib/tinyusb/src/portable/raspberrypi/rp2040/dcd_rp2040.c.obj
                0x10005318                dcd_set_address
 .text.dcd_connect
                0x1000532c       0x10 CMakeFiles/midterm2.dir/C_/pico-sdk/lib/tinyusb/src/portable/raspberrypi/rp2040/dcd_rp2040.c.obj
                0x1000532c                dcd_connect
 .text.dcd_init
                0x1000533c      0x144 CMakeFiles/midterm2.dir/C_/pico-sdk/lib/tinyusb/src/portable/raspberrypi/rp2040/dcd_rp2040.c.obj
                0x1000533c                dcd_init
 .text.dcd_edpt0_status_complete
                0x10005480       0x1c CMakeFiles/midterm2.dir/C_/pico-sdk/lib/tinyusb/src/portable/raspberrypi/rp2040/dcd_rp2040.c.obj
                0x10005480                dcd_edpt0_status_complete
 .text.dcd_edpt_open
                0x1000549c       0xf0 CMakeFiles/midterm2.dir/C_/pico-sdk/lib/tinyusb/src/portable/raspberrypi/rp2040/dcd_rp2040.c.obj
                0x1000549c                dcd_edpt_open
 .text.dcd_edpt_close_all
                0x1000558c       0xbc CMakeFiles/midterm2.dir/C_/pico-sdk/lib/tinyusb/src/portable/raspberrypi/rp2040/dcd_rp2040.c.obj
                0x1000558c                dcd_edpt_close_all
 .text.dcd_edpt_xfer
                0x10005648       0x24 CMakeFiles/midterm2.dir/C_/pico-sdk/lib/tinyusb/src/portable/raspberrypi/rp2040/dcd_rp2040.c.obj
                0x10005648                dcd_edpt_xfer
 .text.dcd_edpt_stall
                0x1000566c       0x38 CMakeFiles/midterm2.dir/C_/pico-sdk/lib/tinyusb/src/portable/raspberrypi/rp2040/dcd_rp2040.c.obj
                0x1000566c                dcd_edpt_stall
 .text.dcd_edpt_clear_stall
                0x100056a4       0x30 CMakeFiles/midterm2.dir/C_/pico-sdk/lib/tinyusb/src/portable/raspberrypi/rp2040/dcd_rp2040.c.obj
                0x100056a4                dcd_edpt_clear_stall
 .text._hw_endpoint_buffer_control_update32.part.0.isra.0
                0x100056d4       0x1c CMakeFiles/midterm2.dir/C_/pico-sdk/lib/tinyusb/src/portable/raspberrypi/rp2040/rp2040_usb.c.obj
 .text.rp2040_usb_init
                0x100056f0       0x4c CMakeFiles/midterm2.dir/C_/pico-sdk/lib/tinyusb/src/portable/raspberrypi/rp2040/rp2040_usb.c.obj
                0x100056f0                rp2040_usb_init
 .text.hw_endpoint_reset_transfer
                0x1000573c        0xc CMakeFiles/midterm2.dir/C_/pico-sdk/lib/tinyusb/src/portable/raspberrypi/rp2040/rp2040_usb.c.obj
                0x1000573c                hw_endpoint_reset_transfer
 .text._hw_endpoint_buffer_control_update32
                0x10005748       0x44 CMakeFiles/midterm2.dir/C_/pico-sdk/lib/tinyusb/src/portable/raspberrypi/rp2040/rp2040_usb.c.obj
                0x10005748                _hw_endpoint_buffer_control_update32
 .text.hw_endpoint_xfer_start
                0x1000578c      0x138 CMakeFiles/midterm2.dir/C_/pico-sdk/lib/tinyusb/src/portable/raspberrypi/rp2040/rp2040_usb.c.obj
                0x1000578c                hw_endpoint_xfer_start
 .text.hw_endpoint_xfer_continue
                0x100058c4      0x1e4 CMakeFiles/midterm2.dir/C_/pico-sdk/lib/tinyusb/src/portable/raspberrypi/rp2040/rp2040_usb.c.obj
                0x100058c4                hw_endpoint_xfer_continue
 .text.tud_mounted
                0x10005aa8       0x10 CMakeFiles/midterm2.dir/C_/pico-sdk/lib/tinyusb/src/device/usbd.c.obj
                0x10005aa8                tud_mounted
 .text.tud_suspended
                0x10005ab8       0x10 CMakeFiles/midterm2.dir/C_/pico-sdk/lib/tinyusb/src/device/usbd.c.obj
                0x10005ab8                tud_suspended
 .text.tud_inited
                0x10005ac8        0xc CMakeFiles/midterm2.dir/C_/pico-sdk/lib/tinyusb/src/device/usbd.c.obj
                0x10005ac8                tud_inited
 .text.tud_init
                0x10005ad4       0xd8 CMakeFiles/midterm2.dir/C_/pico-sdk/lib/tinyusb/src/device/usbd.c.obj
                0x10005ad4                tud_init
 .text.tud_task
                0x10005bac      0x8ec CMakeFiles/midterm2.dir/C_/pico-sdk/lib/tinyusb/src/device/usbd.c.obj
                0x10005bac                tud_task
 .text.dcd_event_bus_signal
                0x10006498      0x120 CMakeFiles/midterm2.dir/C_/pico-sdk/lib/tinyusb/src/device/usbd.c.obj
                0x10006498                dcd_event_bus_signal
 .text.dcd_event_bus_reset
                0x100065b8       0x54 CMakeFiles/midterm2.dir/C_/pico-sdk/lib/tinyusb/src/device/usbd.c.obj
                0x100065b8                dcd_event_bus_reset
 .text.dcd_event_setup_received
                0x1000660c       0x50 CMakeFiles/midterm2.dir/C_/pico-sdk/lib/tinyusb/src/device/usbd.c.obj
                0x1000660c                dcd_event_setup_received
 .text.dcd_event_xfer_complete
                0x1000665c       0x68 CMakeFiles/midterm2.dir/C_/pico-sdk/lib/tinyusb/src/device/usbd.c.obj
                0x1000665c                dcd_event_xfer_complete
 .text.usbd_open_edpt_pair
                0x100066c4       0x80 CMakeFiles/midterm2.dir/C_/pico-sdk/lib/tinyusb/src/device/usbd.c.obj
                0x100066c4                usbd_open_edpt_pair
 .text.usbd_edpt_open
                0x10006744       0x30 CMakeFiles/midterm2.dir/C_/pico-sdk/lib/tinyusb/src/device/usbd.c.obj
                0x10006744                usbd_edpt_open
 .text.usbd_edpt_claim
                0x10006774       0x64 CMakeFiles/midterm2.dir/C_/pico-sdk/lib/tinyusb/src/device/usbd.c.obj
                0x10006774                usbd_edpt_claim
 .text.usbd_edpt_release
                0x100067d8       0x4c CMakeFiles/midterm2.dir/C_/pico-sdk/lib/tinyusb/src/device/usbd.c.obj
                0x100067d8                usbd_edpt_release
 .text.usbd_edpt_xfer
                0x10006824       0x48 CMakeFiles/midterm2.dir/C_/pico-sdk/lib/tinyusb/src/device/usbd.c.obj
                0x10006824                usbd_edpt_xfer
 .text.tud_control_status
                0x1000686c       0x30 CMakeFiles/midterm2.dir/C_/pico-sdk/lib/tinyusb/src/device/usbd_control.c.obj
                0x1000686c                tud_control_status
 .text.tud_control_xfer
                0x1000689c       0xbc CMakeFiles/midterm2.dir/C_/pico-sdk/lib/tinyusb/src/device/usbd_control.c.obj
                0x1000689c                tud_control_xfer
 .text.usbd_control_reset
                0x10006958       0x14 CMakeFiles/midterm2.dir/C_/pico-sdk/lib/tinyusb/src/device/usbd_control.c.obj
                0x10006958                usbd_control_reset
 .text.usbd_control_set_complete_callback
                0x1000696c        0xc CMakeFiles/midterm2.dir/C_/pico-sdk/lib/tinyusb/src/device/usbd_control.c.obj
                0x1000696c                usbd_control_set_complete_callback
 .text.usbd_control_set_request
                0x10006978       0x1c CMakeFiles/midterm2.dir/C_/pico-sdk/lib/tinyusb/src/device/usbd_control.c.obj
                0x10006978                usbd_control_set_request
 .text.usbd_control_xfer_cb
                0x10006994       0xfc CMakeFiles/midterm2.dir/C_/pico-sdk/lib/tinyusb/src/device/usbd_control.c.obj
                0x10006994                usbd_control_xfer_cb
 .text.tud_cdc_n_connected
                0x10006a90       0x30 CMakeFiles/midterm2.dir/C_/pico-sdk/lib/tinyusb/src/class/cdc/cdc_device.c.obj
                0x10006a90                tud_cdc_n_connected
 .text.tud_cdc_n_available
                0x10006ac0       0x18 CMakeFiles/midterm2.dir/C_/pico-sdk/lib/tinyusb/src/class/cdc/cdc_device.c.obj
                0x10006ac0                tud_cdc_n_available
 .text.tud_cdc_n_read
                0x10006ad8       0x70 CMakeFiles/midterm2.dir/C_/pico-sdk/lib/tinyusb/src/class/cdc/cdc_device.c.obj
                0x10006ad8                tud_cdc_n_read
 .text.tud_cdc_n_write_flush
                0x10006b48       0x78 CMakeFiles/midterm2.dir/C_/pico-sdk/lib/tinyusb/src/class/cdc/cdc_device.c.obj
                0x10006b48                tud_cdc_n_write_flush
 .text.tud_cdc_n_write
                0x10006bc0       0x34 CMakeFiles/midterm2.dir/C_/pico-sdk/lib/tinyusb/src/class/cdc/cdc_device.c.obj
                0x10006bc0                tud_cdc_n_write
 .text.tud_cdc_n_write_available
                0x10006bf4       0x18 CMakeFiles/midterm2.dir/C_/pico-sdk/lib/tinyusb/src/class/cdc/cdc_device.c.obj
                0x10006bf4                tud_cdc_n_write_available
 .text.cdcd_init
                0x10006c0c       0x7c CMakeFiles/midterm2.dir/C_/pico-sdk/lib/tinyusb/src/class/cdc/cdc_device.c.obj
                0x10006c0c                cdcd_init
 .text.cdcd_reset
                0x10006c88       0x2c CMakeFiles/midterm2.dir/C_/pico-sdk/lib/tinyusb/src/class/cdc/cdc_device.c.obj
                0x10006c88                cdcd_reset
 .text.cdcd_open
                0x10006cb4       0xe4 CMakeFiles/midterm2.dir/C_/pico-sdk/lib/tinyusb/src/class/cdc/cdc_device.c.obj
                0x10006cb4                cdcd_open
 .text.cdcd_control_xfer_cb
                0x10006d98       0xe4 CMakeFiles/midterm2.dir/C_/pico-sdk/lib/tinyusb/src/class/cdc/cdc_device.c.obj
                0x10006d98                cdcd_control_xfer_cb
 .text.cdcd_xfer_cb
                0x10006e7c      0x148 CMakeFiles/midterm2.dir/C_/pico-sdk/lib/tinyusb/src/class/cdc/cdc_device.c.obj
                0x10006e7c                cdcd_xfer_cb
 .text.tusb_init
                0x10006fc4        0xc CMakeFiles/midterm2.dir/C_/pico-sdk/lib/tinyusb/src/tusb.c.obj
                0x10006fc4                tusb_init
 .text.tusb_inited
                0x10006fd0        0x8 CMakeFiles/midterm2.dir/C_/pico-sdk/lib/tinyusb/src/tusb.c.obj
                0x10006fd0                tusb_inited
 .text.tu_edpt_validate
                0x10006fd8       0x78 CMakeFiles/midterm2.dir/C_/pico-sdk/lib/tinyusb/src/tusb.c.obj
                0x10006fd8                tu_edpt_validate
 .text.tu_edpt_bind_driver
                0x10007050       0x2c CMakeFiles/midterm2.dir/C_/pico-sdk/lib/tinyusb/src/tusb.c.obj
                0x10007050                tu_edpt_bind_driver
 .text.tu_fifo_config
                0x1000707c       0x78 CMakeFiles/midterm2.dir/C_/pico-sdk/lib/tinyusb/src/common/tusb_fifo.c.obj
                0x1000707c                tu_fifo_config
 .text.tu_fifo_count
                0x100070f4       0x20 CMakeFiles/midterm2.dir/C_/pico-sdk/lib/tinyusb/src/common/tusb_fifo.c.obj
                0x100070f4                tu_fifo_count
 .text.tu_fifo_empty
                0x10007114       0x10 CMakeFiles/midterm2.dir/C_/pico-sdk/lib/tinyusb/src/common/tusb_fifo.c.obj
                0x10007114                tu_fifo_empty
 .text.tu_fifo_remaining
                0x10007124       0x1c CMakeFiles/midterm2.dir/C_/pico-sdk/lib/tinyusb/src/common/tusb_fifo.c.obj
                0x10007124                tu_fifo_remaining
 .text.tu_fifo_read
                0x10007140       0x9c CMakeFiles/midterm2.dir/C_/pico-sdk/lib/tinyusb/src/common/tusb_fifo.c.obj
                0x10007140                tu_fifo_read
 .text.tu_fifo_read_n
                0x100071dc      0x100 CMakeFiles/midterm2.dir/C_/pico-sdk/lib/tinyusb/src/common/tusb_fifo.c.obj
                0x100071dc                tu_fifo_read_n
 .text.tu_fifo_write
                0x100072dc       0x7c CMakeFiles/midterm2.dir/C_/pico-sdk/lib/tinyusb/src/common/tusb_fifo.c.obj
                0x100072dc                tu_fifo_write
 .text.tu_fifo_write_n
                0x10007358      0x100 CMakeFiles/midterm2.dir/C_/pico-sdk/lib/tinyusb/src/common/tusb_fifo.c.obj
                0x10007358                tu_fifo_write_n
 .text.tu_fifo_clear
                0x10007458       0x4c CMakeFiles/midterm2.dir/C_/pico-sdk/lib/tinyusb/src/common/tusb_fifo.c.obj
                0x10007458                tu_fifo_clear
 .text.tu_fifo_set_overwritable
                0x100074a4       0x3c CMakeFiles/midterm2.dir/C_/pico-sdk/lib/tinyusb/src/common/tusb_fifo.c.obj
                0x100074a4                tu_fifo_set_overwritable
 .text.startup._retrieve_unique_id_on_boot
                0x100074e0       0x10 CMakeFiles/midterm2.dir/C_/pico-sdk/src/rp2_common/pico_unique_id/unique_id.c.obj
 .text.pico_get_unique_board_id_string
                0x100074f0      0x1a8 CMakeFiles/midterm2.dir/C_/pico-sdk/src/rp2_common/pico_unique_id/unique_id.c.obj
                0x100074f0                pico_get_unique_board_id_string
 .text.flash_get_unique_id
                0x10007698       0x40 CMakeFiles/midterm2.dir/C_/pico-sdk/src/rp2_common/hardware_flash/flash.c.obj
                0x10007698                flash_get_unique_id
 .text.core1_trampoline
                0x100076d8        0x4 CMakeFiles/midterm2.dir/C_/pico-sdk/src/rp2_common/pico_multicore/multicore.c.obj
 .text.core1_wrapper
                0x100076dc        0xc CMakeFiles/midterm2.dir/C_/pico-sdk/src/rp2_common/pico_multicore/multicore.c.obj
                0x100076dc                core1_wrapper
 .text.multicore_launch_core1_raw
                0x100076e8       0x84 CMakeFiles/midterm2.dir/C_/pico-sdk/src/rp2_common/pico_multicore/multicore.c.obj
                0x100076e8                multicore_launch_core1_raw
 .text.multicore_launch_core1
                0x1000776c       0x4c CMakeFiles/midterm2.dir/C_/pico-sdk/src/rp2_common/pico_multicore/multicore.c.obj
                0x1000776c                multicore_launch_core1
 .text.srand    0x100077b8       0x14 c:/arm-gcc/10.2021.10/bin/../lib/gcc/arm-none-eabi/10.3.1/../../../../arm-none-eabi/lib/thumb/v6-m/nofp\libc.a(lib_a-rand.o)
                0x100077b8                srand
 .text.rand     0x100077cc       0x34 c:/arm-gcc/10.2021.10/bin/../lib/gcc/arm-none-eabi/10.3.1/../../../../arm-none-eabi/lib/thumb/v6-m/nofp\libc.a(lib_a-rand.o)
                0x100077cc                rand
 .text.strlen   0x10007800       0x5c c:/arm-gcc/10.2021.10/bin/../lib/gcc/arm-none-eabi/10.3.1/../../../../arm-none-eabi/lib/thumb/v6-m/nofp\libc.a(lib_a-strlen-stub.o)
                0x10007800                strlen
 .text.time     0x1000785c       0x34 c:/arm-gcc/10.2021.10/bin/../lib/gcc/arm-none-eabi/10.3.1/../../../../arm-none-eabi/lib/thumb/v6-m/nofp\libc.a(lib_a-time.o)
                0x1000785c                time
 .text._gettimeofday_r
                0x10007890       0x28 c:/arm-gcc/10.2021.10/bin/../lib/gcc/arm-none-eabi/10.3.1/../../../../arm-none-eabi/lib/thumb/v6-m/nofp\libc.a(lib_a-gettimeofdayr.o)
                0x10007890                _gettimeofday_r
 .text._gettimeofday
                0x100078b8       0x10 c:/arm-gcc/10.2021.10/bin/../lib/gcc/arm-none-eabi/10.3.1/../../../../arm-none-eabi/lib/thumb/v6-m/nofp\libnosys.a(gettod.o)
                0x100078b8                _gettimeofday
 *(.fini)
 .fini          0x100078c8        0x4 c:/arm-gcc/10.2021.10/bin/../lib/gcc/arm-none-eabi/10.3.1/thumb/v6-m/nofp/crti.o
                0x100078c8                _fini
 *fill*         0x100078cc        0x4 
 .fini.__stub   0x100078d0       0x70 linker stubs
 *crtbegin.o(.ctors)
 *crtbegin?.o(.ctors)
 *(EXCLUDE_FILE(*crtend.o *crtend?.o) .ctors)
 *(SORT_BY_NAME(.ctors.*))
 *(.ctors)
 *crtbegin.o(.dtors)
 *crtbegin?.o(.dtors)
 *(EXCLUDE_FILE(*crtend.o *crtend?.o) .dtors)
 *(SORT_BY_NAME(.dtors.*))
 *(.dtors)
 *(.eh_frame*)
 .eh_frame      0x10007940        0x0 c:/arm-gcc/10.2021.10/bin/../lib/gcc/arm-none-eabi/10.3.1/thumb/v6-m/nofp/crtbegin.o
                0x10007940                . = ALIGN (0x4)

.glue_7         0x10007940        0x0
 .glue_7        0x10007940        0x0 linker stubs

.glue_7t        0x10007940        0x0
 .glue_7t       0x10007940        0x0 linker stubs

.vfp11_veneer   0x10007940        0x0
 .vfp11_veneer  0x10007940        0x0 linker stubs

.v4_bx          0x10007940        0x0
 .v4_bx         0x10007940        0x0 linker stubs

.iplt           0x10007940        0x0
 .iplt          0x10007940        0x0 c:/arm-gcc/10.2021.10/bin/../lib/gcc/arm-none-eabi/10.3.1/thumb/v6-m/nofp/crtbegin.o

.rodata         0x10007940      0x578
 *(EXCLUDE_FILE(*libm.a: *libc.a:*lib_a-mem*.o *libgcc.a:) .rodata*)
 .rodata.gpio_callback.str1.4
                0x10007940       0x47 CMakeFiles/midterm2.dir/main.c.obj
 *fill*         0x10007987        0x1 
 .rodata.show_pattern.str1.4
                0x10007988       0x14 CMakeFiles/midterm2.dir/main.c.obj
 .rodata.spin_lock_claim_unused.str1.4
                0x1000799c       0x1b CMakeFiles/midterm2.dir/C_/pico-sdk/src/rp2_common/hardware_sync/sync.c.obj
 *fill*         0x100079b7        0x1 
 .rodata.user_irq_claim_unused.str1.4
                0x100079b8       0x1b CMakeFiles/midterm2.dir/C_/pico-sdk/src/rp2_common/hardware_irq/irq.c.obj
 *fill*         0x100079d3        0x1 
 .rodata.hardware_alarm_claim.str1.4
                0x100079d4       0x22 CMakeFiles/midterm2.dir/C_/pico-sdk/src/rp2_common/hardware_timer/timer.c.obj
 *fill*         0x100079f6        0x2 
 .rodata.panic.str1.4
                0x100079f8       0x10 CMakeFiles/midterm2.dir/C_/pico-sdk/src/rp2_common/pico_runtime/runtime.c.obj
                                 0x12 (size before relaxing)
 .rodata.hard_assertion_failure.str1.4
                0x10007a08        0xc CMakeFiles/midterm2.dir/C_/pico-sdk/src/rp2_common/pico_runtime/runtime.c.obj
 .rodata._ftoa.str1.4
                0x10007a14       0x15 CMakeFiles/midterm2.dir/C_/pico-sdk/src/rp2_common/pico_printf/printf.c.obj
 *fill*         0x10007a29        0x3 
 .rodata._vsnprintf
                0x10007a2c      0x1e0 CMakeFiles/midterm2.dir/C_/pico-sdk/src/rp2_common/pico_printf/printf.c.obj
 *fill*         0x10007c0c        0x4 
 .rodata.pow10.0
                0x10007c10       0x50 CMakeFiles/midterm2.dir/C_/pico-sdk/src/rp2_common/pico_printf/printf.c.obj
 .rodata.str1.4
                0x10007c60       0x40 CMakeFiles/midterm2.dir/C_/pico-sdk/src/rp2_common/pico_standard_link/binary_info.c.obj
 .rodata.__bi_44
                0x10007ca0        0xc CMakeFiles/midterm2.dir/C_/pico-sdk/src/rp2_common/pico_standard_link/binary_info.c.obj
 .rodata.__bi_75
                0x10007cac        0xc CMakeFiles/midterm2.dir/C_/pico-sdk/src/rp2_common/pico_standard_link/binary_info.c.obj
 .rodata.__bi_81
                0x10007cb8        0xc CMakeFiles/midterm2.dir/C_/pico-sdk/src/rp2_common/pico_standard_link/binary_info.c.obj
 .rodata.crlf_str.0
                0x10007cc4        0x2 CMakeFiles/midterm2.dir/C_/pico-sdk/src/rp2_common/pico_stdio/stdio.c.obj
 *fill*         0x10007cc6        0x2 
 .rodata._resetd_driver
                0x10007cc8       0x18 CMakeFiles/midterm2.dir/C_/pico-sdk/src/rp2_common/pico_stdio_usb/reset_interface.c.obj
 .rodata.str1.4
                0x10007ce0       0x13 CMakeFiles/midterm2.dir/C_/pico-sdk/src/rp2_common/pico_stdio_usb/stdio_usb.c.obj
 *fill*         0x10007cf3        0x1 
 .rodata.__bi_118.0
                0x10007cf4        0xc CMakeFiles/midterm2.dir/C_/pico-sdk/src/rp2_common/pico_stdio_usb/stdio_usb.c.obj
 .rodata.str1.4
                0x10007d00       0x2a CMakeFiles/midterm2.dir/C_/pico-sdk/src/rp2_common/pico_stdio_usb/stdio_usb_descriptors.c.obj
 *fill*         0x10007d2a        0x2 
 .rodata.usbd_desc_cfg
                0x10007d2c       0x54 CMakeFiles/midterm2.dir/C_/pico-sdk/src/rp2_common/pico_stdio_usb/stdio_usb_descriptors.c.obj
 .rodata.usbd_desc_device
                0x10007d80       0x12 CMakeFiles/midterm2.dir/C_/pico-sdk/src/rp2_common/pico_stdio_usb/stdio_usb_descriptors.c.obj
 *fill*         0x10007d92        0x2 
 .rodata.usbd_desc_str
                0x10007d94       0x18 CMakeFiles/midterm2.dir/C_/pico-sdk/src/rp2_common/pico_stdio_usb/stdio_usb_descriptors.c.obj
 .rodata.dcd_rp2040_irq.str1.4
                0x10007dac       0x14 CMakeFiles/midterm2.dir/C_/pico-sdk/lib/tinyusb/src/portable/raspberrypi/rp2040/dcd_rp2040.c.obj
 .rodata._hw_endpoint_buffer_control_update32.part.0.isra.0.str1.4
                0x10007dc0       0x1f CMakeFiles/midterm2.dir/C_/pico-sdk/lib/tinyusb/src/portable/raspberrypi/rp2040/rp2040_usb.c.obj
 *fill*         0x10007ddf        0x1 
 .rodata.hw_endpoint_xfer_continue.str1.4
                0x10007de0       0x29 CMakeFiles/midterm2.dir/C_/pico-sdk/lib/tinyusb/src/portable/raspberrypi/rp2040/rp2040_usb.c.obj
 *fill*         0x10007e09        0x3 
 .rodata.str1.4
                0x10007e0c        0x7 CMakeFiles/midterm2.dir/C_/pico-sdk/lib/tinyusb/src/portable/raspberrypi/rp2040/rp2040_usb.c.obj
 *fill*         0x10007e13        0x1 
 .rodata.tud_task
                0x10007e14       0x8c CMakeFiles/midterm2.dir/C_/pico-sdk/lib/tinyusb/src/device/usbd.c.obj
 .rodata._usbd_driver
                0x10007ea0       0x18 CMakeFiles/midterm2.dir/C_/pico-sdk/lib/tinyusb/src/device/usbd.c.obj
                0x10007eb8                . = ALIGN (0x4)
 *(SORT_BY_ALIGNMENT(SORT_BY_NAME(.flashdata*)))
                0x10007eb8                . = ALIGN (0x4)

.rel.dyn        0x10007eb8        0x0
 .rel.iplt      0x10007eb8        0x0 c:/arm-gcc/10.2021.10/bin/../lib/gcc/arm-none-eabi/10.3.1/thumb/v6-m/nofp/crtbegin.o

.ARM.extab
 *(.ARM.extab* .gnu.linkonce.armextab.*)
                0x10007eb8                __exidx_start = .

.ARM.exidx
 *(.ARM.exidx* .gnu.linkonce.armexidx.*)
                0x10007eb8                __exidx_end = .
                0x10007eb8                . = ALIGN (0x4)
                0x10007eb8                __binary_info_start = .

.binary_info    0x10007eb8       0x20
 *(.binary_info.keep.*)
 .binary_info.keep.__bi_ptr22
                0x10007eb8        0x4 CMakeFiles/midterm2.dir/C_/pico-sdk/src/rp2_common/pico_standard_link/binary_info.c.obj
 .binary_info.keep.__bi_ptr30
                0x10007ebc        0x4 CMakeFiles/midterm2.dir/C_/pico-sdk/src/rp2_common/pico_standard_link/binary_info.c.obj
 .binary_info.keep.__bi_ptr38
                0x10007ec0        0x4 CMakeFiles/midterm2.dir/C_/pico-sdk/src/rp2_common/pico_standard_link/binary_info.c.obj
 .binary_info.keep.__bi_ptr44
                0x10007ec4        0x4 CMakeFiles/midterm2.dir/C_/pico-sdk/src/rp2_common/pico_standard_link/binary_info.c.obj
 .binary_info.keep.__bi_ptr50
                0x10007ec8        0x4 CMakeFiles/midterm2.dir/C_/pico-sdk/src/rp2_common/pico_standard_link/binary_info.c.obj
 .binary_info.keep.__bi_ptr75
                0x10007ecc        0x4 CMakeFiles/midterm2.dir/C_/pico-sdk/src/rp2_common/pico_standard_link/binary_info.c.obj
 .binary_info.keep.__bi_ptr81
                0x10007ed0        0x4 CMakeFiles/midterm2.dir/C_/pico-sdk/src/rp2_common/pico_standard_link/binary_info.c.obj
 *(.binary_info.*)
 .binary_info.__bi_ptr118
                0x10007ed4        0x4 CMakeFiles/midterm2.dir/C_/pico-sdk/src/rp2_common/pico_stdio_usb/stdio_usb.c.obj
                0x10007ed8                __binary_info_end = .
                0x10007ed8                . = ALIGN (0x4)
                0x10007ed8                __etext = .

.ram_vector_table
                0x20000000       0xc0
 *(.ram_vector_table)
 .ram_vector_table
                0x20000000       0xc0 CMakeFiles/midterm2.dir/C_/pico-sdk/src/rp2_common/pico_runtime/runtime.c.obj
                0x20000000                ram_vector_table

.data           0x200000c0      0x898 load address 0x10007ed8
                0x200000c0                __data_start__ = .
 *(vtable)
 *(.time_critical*)
 .time_critical.mutex_enter_blocking
                0x200000c0       0x48 CMakeFiles/midterm2.dir/C_/pico-sdk/src/common/pico_sync/mutex.c.obj
                0x200000c0                mutex_enter_blocking
 .time_critical.mutex_try_enter
                0x20000108       0x44 CMakeFiles/midterm2.dir/C_/pico-sdk/src/common/pico_sync/mutex.c.obj
                0x20000108                mutex_try_enter
 .time_critical.mutex_enter_timeout_ms
                0x2000014c       0xa0 CMakeFiles/midterm2.dir/C_/pico-sdk/src/common/pico_sync/mutex.c.obj
                0x2000014c                mutex_enter_timeout_ms
 .time_critical.mutex_exit
                0x200001ec       0x28 CMakeFiles/midterm2.dir/C_/pico-sdk/src/common/pico_sync/mutex.c.obj
                0x200001ec                mutex_exit
 .time_critical.flash_init_boot2_copyout
                0x20000214       0x30 CMakeFiles/midterm2.dir/C_/pico-sdk/src/rp2_common/hardware_flash/flash.c.obj
 .time_critical.flash_enable_xip_via_boot2
                0x20000244       0x10 CMakeFiles/midterm2.dir/C_/pico-sdk/src/rp2_common/hardware_flash/flash.c.obj
 .time_critical.flash_cs_force
                0x20000254       0x38 CMakeFiles/midterm2.dir/C_/pico-sdk/src/rp2_common/hardware_flash/flash.c.obj
 .time_critical.flash_do_cmd
                0x2000028c       0xc4 CMakeFiles/midterm2.dir/C_/pico-sdk/src/rp2_common/hardware_flash/flash.c.obj
                0x2000028c                flash_do_cmd
 *(.text*)
 .text          0x20000350        0x4 c:/arm-gcc/10.2021.10/bin/../lib/gcc/arm-none-eabi/10.3.1/thumb/v6-m/nofp\libgcc.a(_dvmd_tls.o)
                0x20000350                __aeabi_idiv0
                0x20000350                __aeabi_ldiv0
 *fill*         0x20000354        0x4 
 .text.__stub   0x20000358       0x30 linker stubs
                0x20000388                . = ALIGN (0x4)
 *(.rodata*)
                0x20000388                . = ALIGN (0x4)
 *(.data*)
 *fill*         0x20000388        0x0 
 .data.btns     0x20000388       0x78 CMakeFiles/midterm2.dir/main.c.obj
                0x20000388                btns
 .data.rand_pattern
                0x20000400       0x28 CMakeFiles/midterm2.dir/main.c.obj
                0x20000400                rand_pattern
 .data.waiting_for_pattern
                0x20000428        0x1 CMakeFiles/midterm2.dir/main.c.obj
                0x20000428                waiting_for_pattern
 .data.striped_spin_lock_num
                0x20000429        0x1 CMakeFiles/midterm2.dir/C_/pico-sdk/src/rp2_common/hardware_sync/sync.c.obj
 *fill*         0x2000042a        0x2 
 .data          0x2000042c       0x48 CMakeFiles/midterm2.dir/C_/pico-sdk/src/rp2_common/hardware_irq/irq_handler_chain.S.obj
                0x2000042c                irq_handler_chain_slots
                0x2000045c                irq_handler_chain_first_slot
                0x20000466                irq_handler_chain_remove_tail
 .data.default_alarm_pool
                0x20000474       0x18 CMakeFiles/midterm2.dir/C_/pico-sdk/src/common/pico_time/time.c.obj
 .data.default_alarm_pool_heap
                0x2000048c       0x10 CMakeFiles/midterm2.dir/C_/pico-sdk/src/common/pico_time/time.c.obj
 *fill*         0x2000049c        0x4 
 .data.aeabi_bits_funcs
                0x200004a0       0x10 CMakeFiles/midterm2.dir/C_/pico-sdk/src/rp2_common/pico_bit_ops/bit_ops_aeabi.S.obj
                0x200004a0                aeabi_bits_funcs
                0x200004b0                aeabi_bits_funcs_end
 .data.aeabi_mem_funcs
                0x200004b0       0x10 CMakeFiles/midterm2.dir/C_/pico-sdk/src/rp2_common/pico_mem_ops/mem_ops_aeabi.S.obj
                0x200004b0                aeabi_mem_funcs
                0x200004c0                aeabi_mem_funcs_end
 .data.stdio_usb
                0x200004c0       0x14 CMakeFiles/midterm2.dir/C_/pico-sdk/src/rp2_common/pico_stdio_usb/stdio_usb.c.obj
                0x200004c0                stdio_usb
 .data.ep_dir_string
                0x200004d4        0x8 CMakeFiles/midterm2.dir/C_/pico-sdk/lib/tinyusb/src/portable/raspberrypi/rp2040/rp2040_usb.c.obj
                0x200004d4                ep_dir_string
 .data._usbd_qdef
                0x200004dc       0x24 CMakeFiles/midterm2.dir/C_/pico-sdk/lib/tinyusb/src/device/usbd.c.obj
                0x200004dc                _usbd_qdef
 .data._impure_ptr
                0x20000500        0x4 c:/arm-gcc/10.2021.10/bin/../lib/gcc/arm-none-eabi/10.3.1/../../../../arm-none-eabi/lib/thumb/v6-m/nofp\libc.a(lib_a-impure.o)
                0x20000500                _impure_ptr
 *fill*         0x20000504        0x4 
 .data.impure_data
                0x20000508      0x428 c:/arm-gcc/10.2021.10/bin/../lib/gcc/arm-none-eabi/10.3.1/../../../../arm-none-eabi/lib/thumb/v6-m/nofp\libc.a(lib_a-impure.o)
                0x20000930                . = ALIGN (0x4)
 *(.after_data.*)
                0x20000930                . = ALIGN (0x4)
                0x20000930                PROVIDE (__mutex_array_start = .)
 *(SORT_BY_NAME(.mutex_array.*))
 *(.mutex_array)
 .mutex_array   0x20000930        0x8 CMakeFiles/midterm2.dir/C_/pico-sdk/src/rp2_common/pico_malloc/pico_malloc.c.obj
 .mutex_array   0x20000938        0x8 CMakeFiles/midterm2.dir/C_/pico-sdk/src/rp2_common/pico_stdio/stdio.c.obj
                0x20000940                PROVIDE (__mutex_array_end = .)
                0x20000940                . = ALIGN (0x4)
                0x20000940                PROVIDE (__preinit_array_start = .)
 *(SORT_BY_NAME(.preinit_array.*))
 .preinit_array.00001
                0x20000940        0x4 CMakeFiles/midterm2.dir/C_/pico-sdk/src/rp2_common/pico_mem_ops/mem_ops_aeabi.S.obj
 .preinit_array.00010
                0x20000944        0x4 CMakeFiles/midterm2.dir/C_/pico-sdk/src/rp2_common/pico_bit_ops/bit_ops_aeabi.S.obj
 .preinit_array.00020
                0x20000948        0x4 CMakeFiles/midterm2.dir/C_/pico-sdk/src/rp2_common/pico_double/double_aeabi.S.obj
 .preinit_array.00020
                0x2000094c        0x4 CMakeFiles/midterm2.dir/C_/pico-sdk/src/rp2_common/pico_float/float_aeabi.S.obj
 *(.preinit_array)
                0x20000950                PROVIDE (__preinit_array_end = .)
                0x20000950                . = ALIGN (0x4)
                0x20000950                PROVIDE (__init_array_start = .)
 *(SORT_BY_NAME(.init_array.*))
 *(.init_array)
 .init_array    0x20000950        0x4 c:/arm-gcc/10.2021.10/bin/../lib/gcc/arm-none-eabi/10.3.1/thumb/v6-m/nofp/crtbegin.o
 .init_array    0x20000954        0x4 CMakeFiles/midterm2.dir/C_/pico-sdk/src/rp2_common/pico_unique_id/unique_id.c.obj
                0x20000958                PROVIDE (__init_array_end = .)
                0x20000958                . = ALIGN (0x4)
                [!provide]                PROVIDE (__fini_array_start = .)
 *(SORT_BY_NAME(.fini_array.*))
 *(.fini_array)
                [!provide]                PROVIDE (__fini_array_end = .)
 *(.jcr)
                0x20000958                . = ALIGN (0x4)
                0x20000958                __data_end__ = .

.igot.plt       0x20000958        0x0 load address 0x10008770
 .igot.plt      0x20000958        0x0 c:/arm-gcc/10.2021.10/bin/../lib/gcc/arm-none-eabi/10.3.1/thumb/v6-m/nofp/crtbegin.o

.uninitialized_data
                0x20000958        0x0 load address 0x10008770
                0x20000958                . = ALIGN (0x4)
 *(.uninitialized_data*)

.scratch_x      0x20040000        0x0 load address 0x10008770
                0x20040000                __scratch_x_start__ = .
 *(.scratch_x.*)
                0x20040000                . = ALIGN (0x4)
                0x20040000                __scratch_x_end__ = .
                0x10008770                __scratch_x_source__ = LOADADDR (.scratch_x)

.scratch_y      0x20041000        0x0 load address 0x10008770
                0x20041000                __scratch_y_start__ = .
 *(.scratch_y.*)
                0x20041000                . = ALIGN (0x4)
                0x20041000                __scratch_y_end__ = .
                0x10008770                __scratch_y_source__ = LOADADDR (.scratch_y)

.bss            0x20000958      0xdac
                0x20000958                . = ALIGN (0x4)
                0x20000958                __bss_start__ = .
 *(SORT_BY_ALIGNMENT(SORT_BY_NAME(.bss*)))
 .bss.default_alarm_pool_entries
                0x20000958      0x100 CMakeFiles/midterm2.dir/C_/pico-sdk/src/common/pico_time/time.c.obj
 .bss.last_avail_time.1
                0x20000a58        0x8 CMakeFiles/midterm2.dir/C_/pico-sdk/src/rp2_common/pico_stdio_usb/stdio_usb.c.obj
 .bss.sd_table  0x20000a60      0x100 CMakeFiles/midterm2.dir/C_/pico-sdk/src/rp2_common/pico_double/double_init_rom.c.obj
                0x20000a60                sd_table
 .bss.sf_table  0x20000b60      0x100 CMakeFiles/midterm2.dir/C_/pico-sdk/src/rp2_common/pico_float/float_init_rom.c.obj
                0x20000b60                sf_table
 .bss           0x20000c60       0x1c c:/arm-gcc/10.2021.10/bin/../lib/gcc/arm-none-eabi/10.3.1/thumb/v6-m/nofp/crtbegin.o
 .bss._app_driver
                0x20000c7c        0x4 CMakeFiles/midterm2.dir/C_/pico-sdk/lib/tinyusb/src/device/usbd.c.obj
 .bss._cdcd_itf
                0x20000c80      0x2d8 CMakeFiles/midterm2.dir/C_/pico-sdk/lib/tinyusb/src/class/cdc/cdc_device.c.obj
 .bss._ctrl_xfer
                0x20000f58       0x14 CMakeFiles/midterm2.dir/C_/pico-sdk/lib/tinyusb/src/device/usbd_control.c.obj
 .bss._ubsd_mutexdef
                0x20000f6c        0x8 CMakeFiles/midterm2.dir/C_/pico-sdk/lib/tinyusb/src/device/usbd.c.obj
 .bss._usbd_ctrl_buf
                0x20000f74       0x40 CMakeFiles/midterm2.dir/C_/pico-sdk/lib/tinyusb/src/device/usbd_control.c.obj
 .bss._usbd_dev
                0x20000fb4       0x53 CMakeFiles/midterm2.dir/C_/pico-sdk/lib/tinyusb/src/device/usbd.c.obj
 *fill*         0x20001007        0x1 
 .bss._usbd_mutex
                0x20001008        0x4 CMakeFiles/midterm2.dir/C_/pico-sdk/lib/tinyusb/src/device/usbd.c.obj
 .bss._usbd_q   0x2000100c        0x4 CMakeFiles/midterm2.dir/C_/pico-sdk/lib/tinyusb/src/device/usbd.c.obj
 .bss._usbd_qdef_buf
                0x20001010       0xc0 CMakeFiles/midterm2.dir/C_/pico-sdk/lib/tinyusb/src/device/usbd.c.obj
                0x20001010                _usbd_qdef_buf
 .bss.alarm_callbacks
                0x200010d0       0x10 CMakeFiles/midterm2.dir/C_/pico-sdk/src/rp2_common/hardware_timer/timer.c.obj
 .bss.boot2_copyout
                0x200010e0      0x100 CMakeFiles/midterm2.dir/C_/pico-sdk/src/rp2_common/hardware_flash/flash.c.obj
 .bss.callbacks
                0x200011e0        0x8 CMakeFiles/midterm2.dir/C_/pico-sdk/src/rp2_common/hardware_gpio/gpio.c.obj
 .bss.claimed   0x200011e8        0x4 CMakeFiles/midterm2.dir/C_/pico-sdk/src/rp2_common/hardware_sync/sync.c.obj
 .bss.configured_freq
                0x200011ec       0x28 CMakeFiles/midterm2.dir/C_/pico-sdk/src/rp2_common/hardware_clocks/clocks.c.obj
 .bss.default_alarm_pool_entry_ids_high
                0x20001214       0x10 CMakeFiles/midterm2.dir/C_/pico-sdk/src/common/pico_time/time.c.obj
 .bss.default_alarm_pool_heap_nodes
                0x20001224       0x30 CMakeFiles/midterm2.dir/C_/pico-sdk/src/common/pico_time/time.c.obj
 .bss.desc_str.0
                0x20001254       0x28 CMakeFiles/midterm2.dir/C_/pico-sdk/src/rp2_common/pico_stdio_usb/stdio_usb_descriptors.c.obj
 .bss.drivers   0x2000127c        0x4 CMakeFiles/midterm2.dir/C_/pico-sdk/src/rp2_common/pico_stdio/stdio.c.obj
 .bss.errno     0x20001280        0x4 c:/arm-gcc/10.2021.10/bin/../lib/gcc/arm-none-eabi/10.3.1/../../../../arm-none-eabi/lib/thumb/v6-m/nofp\libc.a(lib_a-reent.o)
                0x20001280                errno
 .bss.filter    0x20001284        0x4 CMakeFiles/midterm2.dir/C_/pico-sdk/src/rp2_common/pico_stdio/stdio.c.obj
 .bss.game_over
                0x20001288        0x4 CMakeFiles/midterm2.dir/main.c.obj
                0x20001288                game_over
 .bss.hw_endpoints
                0x2000128c      0x400 CMakeFiles/midterm2.dir/C_/pico-sdk/lib/tinyusb/src/portable/raspberrypi/rp2040/dcd_rp2040.c.obj
 .bss.lazy_vsnprintf
                0x2000168c        0x4 CMakeFiles/midterm2.dir/C_/pico-sdk/src/rp2_common/pico_printf/printf.c.obj
 .bss.level     0x20001690        0x4 CMakeFiles/midterm2.dir/main.c.obj
                0x20001690                level
 .bss.load_value
                0x20001694        0x4 CMakeFiles/midterm2.dir/C_/pico-sdk/src/rp2_common/hardware_watchdog/watchdog.c.obj
 .bss.next_buffer_ptr
                0x20001698        0x4 CMakeFiles/midterm2.dir/C_/pico-sdk/lib/tinyusb/src/portable/raspberrypi/rp2040/dcd_rp2040.c.obj
 .bss.pools     0x2000169c       0x10 CMakeFiles/midterm2.dir/C_/pico-sdk/src/common/pico_time/time.c.obj
 .bss.raw_irq_mask
                0x200016ac        0x8 CMakeFiles/midterm2.dir/C_/pico-sdk/src/rp2_common/hardware_gpio/gpio.c.obj
 .bss.retrieved_id
                0x200016b4        0x8 CMakeFiles/midterm2.dir/C_/pico-sdk/src/rp2_common/pico_unique_id/unique_id.c.obj
 .bss.sf_clz_func
                0x200016bc        0x4 CMakeFiles/midterm2.dir/C_/pico-sdk/src/rp2_common/pico_double/double_init_rom.c.obj
                0x200016bc                sf_clz_func
 .bss.sleep_notifier
                0x200016c0        0x4 CMakeFiles/midterm2.dir/C_/pico-sdk/src/common/pico_time/time.c.obj
 .bss.stdio_usb_mutex
                0x200016c4        0x8 CMakeFiles/midterm2.dir/C_/pico-sdk/src/rp2_common/pico_stdio_usb/stdio_usb.c.obj
 .bss.target_hi
                0x200016cc       0x10 CMakeFiles/midterm2.dir/C_/pico-sdk/src/rp2_common/hardware_timer/timer.c.obj
 .bss.usbd_serial_str
                0x200016dc       0x11 CMakeFiles/midterm2.dir/C_/pico-sdk/src/rp2_common/pico_stdio_usb/stdio_usb_descriptors.c.obj
 *fill*         0x200016ed        0x3 
 .bss.user_input_number
                0x200016f0        0x4 CMakeFiles/midterm2.dir/main.c.obj
                0x200016f0                user_input_number
 .bss.user_irq_claimed
                0x200016f4        0x2 CMakeFiles/midterm2.dir/C_/pico-sdk/src/rp2_common/hardware_irq/irq.c.obj
 *fill*         0x200016f6        0x2 
 .bss.user_point
                0x200016f8        0x4 CMakeFiles/midterm2.dir/main.c.obj
                0x200016f8                user_point
 .bss._app_driver_count
                0x200016fc        0x1 CMakeFiles/midterm2.dir/C_/pico-sdk/lib/tinyusb/src/device/usbd.c.obj
 .bss._usbd_initialized
                0x200016fd        0x1 CMakeFiles/midterm2.dir/C_/pico-sdk/lib/tinyusb/src/device/usbd.c.obj
 .bss.boot2_copyout_valid
                0x200016fe        0x1 CMakeFiles/midterm2.dir/C_/pico-sdk/src/rp2_common/hardware_flash/flash.c.obj
 .bss.claimed   0x200016ff        0x1 CMakeFiles/midterm2.dir/C_/pico-sdk/src/rp2_common/hardware_timer/timer.c.obj
 .bss.irq_hander_chain_free_slot_head
                0x20001700        0x1 CMakeFiles/midterm2.dir/C_/pico-sdk/src/rp2_common/hardware_irq/irq.c.obj
 .bss.itf_num   0x20001701        0x1 CMakeFiles/midterm2.dir/C_/pico-sdk/src/rp2_common/pico_stdio_usb/reset_interface.c.obj
 .bss.low_priority_irq_num
                0x20001702        0x1 CMakeFiles/midterm2.dir/C_/pico-sdk/src/rp2_common/pico_stdio_usb/stdio_usb.c.obj
 .bss.timer_callbacks_pending
                0x20001703        0x1 CMakeFiles/midterm2.dir/C_/pico-sdk/src/rp2_common/hardware_timer/timer.c.obj
 *(COMMON)
                0x20001704                . = ALIGN (0x4)
                0x20001704                __bss_end__ = .

.heap           0x20001704      0x800
                0x20001704                __end__ = .
                0x20001704                end = __end__
 *(.heap*)
 .heap          0x20001704      0x800 CMakeFiles/midterm2.dir/C_/pico-sdk/src/rp2_common/pico_standard_link/crt0.S.obj
                0x20001f04                __HeapLimit = .

.stack1_dummy   0x20040000      0x800
 *(.stack1*)
 .stack1        0x20040000      0x800 CMakeFiles/midterm2.dir/C_/pico-sdk/src/rp2_common/pico_multicore/multicore.c.obj

.stack_dummy    0x20041000      0x800
 *(.stack*)
 .stack         0x20041000      0x800 CMakeFiles/midterm2.dir/C_/pico-sdk/src/rp2_common/pico_standard_link/crt0.S.obj

.flash_end      0x10008770        0x0
                0x10008770                __flash_binary_end = .
                0x20040000                __StackLimit = (ORIGIN (RAM) + LENGTH (RAM))
                0x20041000                __StackOneTop = (ORIGIN (SCRATCH_X) + LENGTH (SCRATCH_X))
                0x20042000                __StackTop = (ORIGIN (SCRATCH_Y) + LENGTH (SCRATCH_Y))
                0x20040800                __StackOneBottom = (__StackOneTop - SIZEOF (.stack1_dummy))
                0x20041800                __StackBottom = (__StackTop - SIZEOF (.stack_dummy))
                0x20042000                PROVIDE (__stack = __StackTop)
                0x00000001                ASSERT ((__StackLimit >= __HeapLimit), region RAM overflowed)
                0x00000001                ASSERT (((__binary_info_header_end - __logical_binary_start) <= 0x100), Binary info must be in first 256 bytes of the binary)
LOAD CMakeFiles/midterm2.dir/debounce.c.obj
LOAD CMakeFiles/midterm2.dir/main.c.obj
LOAD CMakeFiles/midterm2.dir/C_/pico-sdk/src/rp2_common/pico_stdlib/stdlib.c.obj
LOAD CMakeFiles/midterm2.dir/C_/pico-sdk/src/rp2_common/hardware_gpio/gpio.c.obj
LOAD CMakeFiles/midterm2.dir/C_/pico-sdk/src/rp2_common/hardware_claim/claim.c.obj
LOAD CMakeFiles/midterm2.dir/C_/pico-sdk/src/rp2_common/pico_platform/platform.c.obj
LOAD CMakeFiles/midterm2.dir/C_/pico-sdk/src/rp2_common/hardware_sync/sync.c.obj
LOAD CMakeFiles/midterm2.dir/C_/pico-sdk/src/rp2_common/hardware_irq/irq.c.obj
LOAD CMakeFiles/midterm2.dir/C_/pico-sdk/src/rp2_common/hardware_irq/irq_handler_chain.S.obj
LOAD CMakeFiles/midterm2.dir/C_/pico-sdk/src/common/pico_sync/sem.c.obj
LOAD CMakeFiles/midterm2.dir/C_/pico-sdk/src/common/pico_sync/lock_core.c.obj
LOAD CMakeFiles/midterm2.dir/C_/pico-sdk/src/common/pico_time/time.c.obj
LOAD CMakeFiles/midterm2.dir/C_/pico-sdk/src/common/pico_time/timeout_helper.c.obj
LOAD CMakeFiles/midterm2.dir/C_/pico-sdk/src/rp2_common/hardware_timer/timer.c.obj
LOAD CMakeFiles/midterm2.dir/C_/pico-sdk/src/common/pico_util/datetime.c.obj
LOAD CMakeFiles/midterm2.dir/C_/pico-sdk/src/common/pico_util/pheap.c.obj
LOAD CMakeFiles/midterm2.dir/C_/pico-sdk/src/common/pico_util/queue.c.obj
LOAD CMakeFiles/midterm2.dir/C_/pico-sdk/src/common/pico_sync/mutex.c.obj
LOAD CMakeFiles/midterm2.dir/C_/pico-sdk/src/common/pico_sync/critical_section.c.obj
LOAD CMakeFiles/midterm2.dir/C_/pico-sdk/src/rp2_common/hardware_uart/uart.c.obj
LOAD CMakeFiles/midterm2.dir/C_/pico-sdk/src/rp2_common/hardware_divider/divider.S.obj
LOAD CMakeFiles/midterm2.dir/C_/pico-sdk/src/rp2_common/pico_runtime/runtime.c.obj
LOAD CMakeFiles/midterm2.dir/C_/pico-sdk/src/rp2_common/hardware_clocks/clocks.c.obj
LOAD CMakeFiles/midterm2.dir/C_/pico-sdk/src/rp2_common/hardware_pll/pll.c.obj
LOAD CMakeFiles/midterm2.dir/C_/pico-sdk/src/rp2_common/hardware_vreg/vreg.c.obj
LOAD CMakeFiles/midterm2.dir/C_/pico-sdk/src/rp2_common/hardware_watchdog/watchdog.c.obj
LOAD CMakeFiles/midterm2.dir/C_/pico-sdk/src/rp2_common/hardware_xosc/xosc.c.obj
LOAD CMakeFiles/midterm2.dir/C_/pico-sdk/src/rp2_common/pico_printf/printf.c.obj
LOAD CMakeFiles/midterm2.dir/C_/pico-sdk/src/rp2_common/pico_bit_ops/bit_ops_aeabi.S.obj
LOAD CMakeFiles/midterm2.dir/C_/pico-sdk/src/rp2_common/pico_bootrom/bootrom.c.obj
LOAD CMakeFiles/midterm2.dir/C_/pico-sdk/src/rp2_common/pico_divider/divider.S.obj
LOAD CMakeFiles/midterm2.dir/C_/pico-sdk/src/rp2_common/pico_double/double_aeabi.S.obj
LOAD CMakeFiles/midterm2.dir/C_/pico-sdk/src/rp2_common/pico_double/double_init_rom.c.obj
LOAD CMakeFiles/midterm2.dir/C_/pico-sdk/src/rp2_common/pico_double/double_math.c.obj
LOAD CMakeFiles/midterm2.dir/C_/pico-sdk/src/rp2_common/pico_double/double_v1_rom_shim.S.obj
LOAD CMakeFiles/midterm2.dir/C_/pico-sdk/src/rp2_common/pico_int64_ops/pico_int64_ops_aeabi.S.obj
LOAD CMakeFiles/midterm2.dir/C_/pico-sdk/src/rp2_common/pico_float/float_aeabi.S.obj
LOAD CMakeFiles/midterm2.dir/C_/pico-sdk/src/rp2_common/pico_float/float_init_rom.c.obj
LOAD CMakeFiles/midterm2.dir/C_/pico-sdk/src/rp2_common/pico_float/float_math.c.obj
LOAD CMakeFiles/midterm2.dir/C_/pico-sdk/src/rp2_common/pico_float/float_v1_rom_shim.S.obj
LOAD CMakeFiles/midterm2.dir/C_/pico-sdk/src/rp2_common/pico_malloc/pico_malloc.c.obj
LOAD CMakeFiles/midterm2.dir/C_/pico-sdk/src/rp2_common/pico_mem_ops/mem_ops_aeabi.S.obj
LOAD CMakeFiles/midterm2.dir/C_/pico-sdk/src/rp2_common/pico_standard_link/crt0.S.obj
LOAD CMakeFiles/midterm2.dir/C_/pico-sdk/src/rp2_common/pico_standard_link/new_delete.cpp.obj
LOAD CMakeFiles/midterm2.dir/C_/pico-sdk/src/rp2_common/pico_standard_link/binary_info.c.obj
LOAD CMakeFiles/midterm2.dir/C_/pico-sdk/src/rp2_common/pico_stdio/stdio.c.obj
LOAD CMakeFiles/midterm2.dir/C_/pico-sdk/src/rp2_common/pico_stdio_usb/reset_interface.c.obj
LOAD CMakeFiles/midterm2.dir/C_/pico-sdk/src/rp2_common/pico_stdio_usb/stdio_usb.c.obj
LOAD CMakeFiles/midterm2.dir/C_/pico-sdk/src/rp2_common/pico_stdio_usb/stdio_usb_descriptors.c.obj
LOAD CMakeFiles/midterm2.dir/C_/pico-sdk/lib/tinyusb/src/portable/raspberrypi/rp2040/dcd_rp2040.c.obj
LOAD CMakeFiles/midterm2.dir/C_/pico-sdk/lib/tinyusb/src/portable/raspberrypi/rp2040/rp2040_usb.c.obj
LOAD CMakeFiles/midterm2.dir/C_/pico-sdk/lib/tinyusb/src/device/usbd.c.obj
LOAD CMakeFiles/midterm2.dir/C_/pico-sdk/lib/tinyusb/src/device/usbd_control.c.obj
LOAD CMakeFiles/midterm2.dir/C_/pico-sdk/lib/tinyusb/src/class/audio/audio_device.c.obj
LOAD CMakeFiles/midterm2.dir/C_/pico-sdk/lib/tinyusb/src/class/cdc/cdc_device.c.obj
LOAD CMakeFiles/midterm2.dir/C_/pico-sdk/lib/tinyusb/src/class/dfu/dfu_device.c.obj
LOAD CMakeFiles/midterm2.dir/C_/pico-sdk/lib/tinyusb/src/class/dfu/dfu_rt_device.c.obj
LOAD CMakeFiles/midterm2.dir/C_/pico-sdk/lib/tinyusb/src/class/hid/hid_device.c.obj
LOAD CMakeFiles/midterm2.dir/C_/pico-sdk/lib/tinyusb/src/class/midi/midi_device.c.obj
LOAD CMakeFiles/midterm2.dir/C_/pico-sdk/lib/tinyusb/src/class/msc/msc_device.c.obj
LOAD CMakeFiles/midterm2.dir/C_/pico-sdk/lib/tinyusb/src/class/net/ecm_rndis_device.c.obj
LOAD CMakeFiles/midterm2.dir/C_/pico-sdk/lib/tinyusb/src/class/net/ncm_device.c.obj
LOAD CMakeFiles/midterm2.dir/C_/pico-sdk/lib/tinyusb/src/class/usbtmc/usbtmc_device.c.obj
LOAD CMakeFiles/midterm2.dir/C_/pico-sdk/lib/tinyusb/src/class/vendor/vendor_device.c.obj
LOAD CMakeFiles/midterm2.dir/C_/pico-sdk/lib/tinyusb/src/class/video/video_device.c.obj
LOAD CMakeFiles/midterm2.dir/C_/pico-sdk/lib/tinyusb/src/tusb.c.obj
LOAD CMakeFiles/midterm2.dir/C_/pico-sdk/lib/tinyusb/src/common/tusb_fifo.c.obj
LOAD CMakeFiles/midterm2.dir/C_/pico-sdk/src/rp2_common/pico_fix/rp2040_usb_device_enumeration/rp2040_usb_device_enumeration.c.obj
LOAD CMakeFiles/midterm2.dir/C_/pico-sdk/src/rp2_common/pico_unique_id/unique_id.c.obj
LOAD CMakeFiles/midterm2.dir/C_/pico-sdk/src/rp2_common/hardware_flash/flash.c.obj
LOAD CMakeFiles/midterm2.dir/C_/pico-sdk/src/rp2_common/pico_multicore/multicore.c.obj
LOAD CMakeFiles/midterm2.dir/C_/pico-sdk/src/rp2_common/hardware_i2c/i2c.c.obj
LOAD C:\Users\RK\AppData\Local\Temp\ccAz3zh2.o
LOAD c:/arm-gcc/10.2021.10/bin/../lib/gcc/arm-none-eabi/10.3.1/../../../../arm-none-eabi/lib/thumb/v6-m/nofp\libstdc++.a
LOAD c:/arm-gcc/10.2021.10/bin/../lib/gcc/arm-none-eabi/10.3.1/../../../../arm-none-eabi/lib/thumb/v6-m/nofp\libm.a
START GROUP
LOAD c:/arm-gcc/10.2021.10/bin/../lib/gcc/arm-none-eabi/10.3.1/thumb/v6-m/nofp\libgcc.a
LOAD c:/arm-gcc/10.2021.10/bin/../lib/gcc/arm-none-eabi/10.3.1/../../../../arm-none-eabi/lib/thumb/v6-m/nofp\libc.a
END GROUP
START GROUP
LOAD c:/arm-gcc/10.2021.10/bin/../lib/gcc/arm-none-eabi/10.3.1/thumb/v6-m/nofp\libgcc.a
LOAD c:/arm-gcc/10.2021.10/bin/../lib/gcc/arm-none-eabi/10.3.1/../../../../arm-none-eabi/lib/thumb/v6-m/nofp\libc.a
LOAD c:/arm-gcc/10.2021.10/bin/../lib/gcc/arm-none-eabi/10.3.1/../../../../arm-none-eabi/lib/thumb/v6-m/nofp\libnosys.a
END GROUP
LOAD c:/arm-gcc/10.2021.10/bin/../lib/gcc/arm-none-eabi/10.3.1/thumb/v6-m/nofp/crtend.o
LOAD c:/arm-gcc/10.2021.10/bin/../lib/gcc/arm-none-eabi/10.3.1/thumb/v6-m/nofp/crtn.o
OUTPUT(midterm2.elf elf32-littlearm)
LOAD linker stubs

.ARM.attributes
                0x00000000       0x28
 .ARM.attributes
                0x00000000       0x1e c:/arm-gcc/10.2021.10/bin/../lib/gcc/arm-none-eabi/10.3.1/thumb/v6-m/nofp/crti.o
 .ARM.attributes
                0x0000001e       0x2c c:/arm-gcc/10.2021.10/bin/../lib/gcc/arm-none-eabi/10.3.1/thumb/v6-m/nofp/crtbegin.o
 .ARM.attributes
                0x0000004a       0x2c CMakeFiles/midterm2.dir/debounce.c.obj
 .ARM.attributes
                0x00000076       0x2c CMakeFiles/midterm2.dir/main.c.obj
 .ARM.attributes
                0x000000a2       0x2c CMakeFiles/midterm2.dir/C_/pico-sdk/src/rp2_common/hardware_gpio/gpio.c.obj
 .ARM.attributes
                0x000000ce       0x2c CMakeFiles/midterm2.dir/C_/pico-sdk/src/rp2_common/hardware_claim/claim.c.obj
 .ARM.attributes
                0x000000fa       0x2c CMakeFiles/midterm2.dir/C_/pico-sdk/src/rp2_common/pico_platform/platform.c.obj
 .ARM.attributes
                0x00000126       0x2c CMakeFiles/midterm2.dir/C_/pico-sdk/src/rp2_common/hardware_sync/sync.c.obj
 .ARM.attributes
                0x00000152       0x2c CMakeFiles/midterm2.dir/C_/pico-sdk/src/rp2_common/hardware_irq/irq.c.obj
 .ARM.attributes
                0x0000017e       0x22 CMakeFiles/midterm2.dir/C_/pico-sdk/src/rp2_common/hardware_irq/irq_handler_chain.S.obj
 .ARM.attributes
                0x000001a0       0x2c CMakeFiles/midterm2.dir/C_/pico-sdk/src/common/pico_sync/lock_core.c.obj
 .ARM.attributes
                0x000001cc       0x2c CMakeFiles/midterm2.dir/C_/pico-sdk/src/common/pico_time/time.c.obj
 .ARM.attributes
                0x000001f8       0x2c CMakeFiles/midterm2.dir/C_/pico-sdk/src/rp2_common/hardware_timer/timer.c.obj
 .ARM.attributes
                0x00000224       0x2c CMakeFiles/midterm2.dir/C_/pico-sdk/src/common/pico_util/pheap.c.obj
 .ARM.attributes
                0x00000250       0x2c CMakeFiles/midterm2.dir/C_/pico-sdk/src/common/pico_sync/mutex.c.obj
 .ARM.attributes
                0x0000027c       0x2c CMakeFiles/midterm2.dir/C_/pico-sdk/src/common/pico_sync/critical_section.c.obj
 .ARM.attributes
                0x000002a8       0x2c CMakeFiles/midterm2.dir/C_/pico-sdk/src/rp2_common/pico_runtime/runtime.c.obj
 .ARM.attributes
                0x000002d4       0x2c CMakeFiles/midterm2.dir/C_/pico-sdk/src/rp2_common/hardware_clocks/clocks.c.obj
 .ARM.attributes
                0x00000300       0x2c CMakeFiles/midterm2.dir/C_/pico-sdk/src/rp2_common/hardware_pll/pll.c.obj
 .ARM.attributes
                0x0000032c       0x2c CMakeFiles/midterm2.dir/C_/pico-sdk/src/rp2_common/hardware_watchdog/watchdog.c.obj
 .ARM.attributes
                0x00000358       0x2c CMakeFiles/midterm2.dir/C_/pico-sdk/src/rp2_common/hardware_xosc/xosc.c.obj
 .ARM.attributes
                0x00000384       0x2c CMakeFiles/midterm2.dir/C_/pico-sdk/src/rp2_common/pico_printf/printf.c.obj
 .ARM.attributes
                0x000003b0       0x22 CMakeFiles/midterm2.dir/C_/pico-sdk/src/rp2_common/pico_bit_ops/bit_ops_aeabi.S.obj
 .ARM.attributes
                0x000003d2       0x2c CMakeFiles/midterm2.dir/C_/pico-sdk/src/rp2_common/pico_bootrom/bootrom.c.obj
 .ARM.attributes
                0x000003fe       0x22 CMakeFiles/midterm2.dir/C_/pico-sdk/src/rp2_common/pico_divider/divider.S.obj
 .ARM.attributes
                0x00000420       0x22 CMakeFiles/midterm2.dir/C_/pico-sdk/src/rp2_common/pico_double/double_aeabi.S.obj
 .ARM.attributes
                0x00000442       0x2c CMakeFiles/midterm2.dir/C_/pico-sdk/src/rp2_common/pico_double/double_init_rom.c.obj
 .ARM.attributes
                0x0000046e       0x22 CMakeFiles/midterm2.dir/C_/pico-sdk/src/rp2_common/pico_double/double_v1_rom_shim.S.obj
 .ARM.attributes
                0x00000490       0x22 CMakeFiles/midterm2.dir/C_/pico-sdk/src/rp2_common/pico_int64_ops/pico_int64_ops_aeabi.S.obj
 .ARM.attributes
                0x000004b2       0x22 CMakeFiles/midterm2.dir/C_/pico-sdk/src/rp2_common/pico_float/float_aeabi.S.obj
 .ARM.attributes
                0x000004d4       0x2c CMakeFiles/midterm2.dir/C_/pico-sdk/src/rp2_common/pico_float/float_init_rom.c.obj
 .ARM.attributes
                0x00000500       0x22 CMakeFiles/midterm2.dir/C_/pico-sdk/src/rp2_common/pico_float/float_v1_rom_shim.S.obj
 .ARM.attributes
                0x00000522       0x2c CMakeFiles/midterm2.dir/C_/pico-sdk/src/rp2_common/pico_malloc/pico_malloc.c.obj
 .ARM.attributes
                0x0000054e       0x22 CMakeFiles/midterm2.dir/C_/pico-sdk/src/rp2_common/pico_mem_ops/mem_ops_aeabi.S.obj
 .ARM.attributes
                0x00000570       0x22 CMakeFiles/midterm2.dir/C_/pico-sdk/src/rp2_common/pico_standard_link/crt0.S.obj
 .ARM.attributes
                0x00000592       0x2c CMakeFiles/midterm2.dir/C_/pico-sdk/src/rp2_common/pico_standard_link/binary_info.c.obj
 .ARM.attributes
                0x000005be       0x2c CMakeFiles/midterm2.dir/C_/pico-sdk/src/rp2_common/pico_stdio/stdio.c.obj
 .ARM.attributes
                0x000005ea       0x2c CMakeFiles/midterm2.dir/C_/pico-sdk/src/rp2_common/pico_stdio_usb/reset_interface.c.obj
 .ARM.attributes
                0x00000616       0x2c CMakeFiles/midterm2.dir/C_/pico-sdk/src/rp2_common/pico_stdio_usb/stdio_usb.c.obj
 .ARM.attributes
                0x00000642       0x2c CMakeFiles/midterm2.dir/C_/pico-sdk/src/rp2_common/pico_stdio_usb/stdio_usb_descriptors.c.obj
 .ARM.attributes
                0x0000066e       0x2c CMakeFiles/midterm2.dir/C_/pico-sdk/lib/tinyusb/src/portable/raspberrypi/rp2040/dcd_rp2040.c.obj
 .ARM.attributes
                0x0000069a       0x2c CMakeFiles/midterm2.dir/C_/pico-sdk/lib/tinyusb/src/portable/raspberrypi/rp2040/rp2040_usb.c.obj
 .ARM.attributes
                0x000006c6       0x2c CMakeFiles/midterm2.dir/C_/pico-sdk/lib/tinyusb/src/device/usbd.c.obj
 .ARM.attributes
                0x000006f2       0x2c CMakeFiles/midterm2.dir/C_/pico-sdk/lib/tinyusb/src/device/usbd_control.c.obj
 .ARM.attributes
                0x0000071e       0x2c CMakeFiles/midterm2.dir/C_/pico-sdk/lib/tinyusb/src/class/cdc/cdc_device.c.obj
 .ARM.attributes
                0x0000074a       0x2c CMakeFiles/midterm2.dir/C_/pico-sdk/lib/tinyusb/src/tusb.c.obj
 .ARM.attributes
                0x00000776       0x2c CMakeFiles/midterm2.dir/C_/pico-sdk/lib/tinyusb/src/common/tusb_fifo.c.obj
 .ARM.attributes
                0x000007a2       0x2c CMakeFiles/midterm2.dir/C_/pico-sdk/src/rp2_common/pico_unique_id/unique_id.c.obj
 .ARM.attributes
                0x000007ce       0x2c CMakeFiles/midterm2.dir/C_/pico-sdk/src/rp2_common/hardware_flash/flash.c.obj
 .ARM.attributes
                0x000007fa       0x2c CMakeFiles/midterm2.dir/C_/pico-sdk/src/rp2_common/pico_multicore/multicore.c.obj
 .ARM.attributes
                0x00000826       0x22 C:\Users\RK\AppData\Local\Temp\ccAz3zh2.o
 .ARM.attributes
                0x00000848       0x1e c:/arm-gcc/10.2021.10/bin/../lib/gcc/arm-none-eabi/10.3.1/thumb/v6-m/nofp\libgcc.a(_dvmd_tls.o)
 .ARM.attributes
                0x00000866       0x2c c:/arm-gcc/10.2021.10/bin/../lib/gcc/arm-none-eabi/10.3.1/../../../../arm-none-eabi/lib/thumb/v6-m/nofp\libc.a(lib_a-impure.o)
 .ARM.attributes
                0x00000892       0x2c c:/arm-gcc/10.2021.10/bin/../lib/gcc/arm-none-eabi/10.3.1/../../../../arm-none-eabi/lib/thumb/v6-m/nofp\libc.a(lib_a-rand.o)
 .ARM.attributes
                0x000008be       0x2c c:/arm-gcc/10.2021.10/bin/../lib/gcc/arm-none-eabi/10.3.1/../../../../arm-none-eabi/lib/thumb/v6-m/nofp\libc.a(lib_a-strlen-stub.o)
 .ARM.attributes
                0x000008ea       0x2c c:/arm-gcc/10.2021.10/bin/../lib/gcc/arm-none-eabi/10.3.1/../../../../arm-none-eabi/lib/thumb/v6-m/nofp\libc.a(lib_a-time.o)
 .ARM.attributes
                0x00000916       0x2c c:/arm-gcc/10.2021.10/bin/../lib/gcc/arm-none-eabi/10.3.1/../../../../arm-none-eabi/lib/thumb/v6-m/nofp\libc.a(lib_a-gettimeofdayr.o)
 .ARM.attributes
                0x00000942       0x2c c:/arm-gcc/10.2021.10/bin/../lib/gcc/arm-none-eabi/10.3.1/../../../../arm-none-eabi/lib/thumb/v6-m/nofp\libc.a(lib_a-reent.o)
 .ARM.attributes
                0x0000096e       0x2c c:/arm-gcc/10.2021.10/bin/../lib/gcc/arm-none-eabi/10.3.1/../../../../arm-none-eabi/lib/thumb/v6-m/nofp\libnosys.a(gettod.o)

.comment        0x00000000       0x49
 .comment       0x00000000       0x49 CMakeFiles/midterm2.dir/debounce.c.obj
                                 0x4a (size before relaxing)
 .comment       0x00000049       0x4a CMakeFiles/midterm2.dir/main.c.obj
 .comment       0x00000049       0x4a CMakeFiles/midterm2.dir/C_/pico-sdk/src/rp2_common/hardware_gpio/gpio.c.obj
 .comment       0x00000049       0x4a CMakeFiles/midterm2.dir/C_/pico-sdk/src/rp2_common/hardware_claim/claim.c.obj
 .comment       0x00000049       0x4a CMakeFiles/midterm2.dir/C_/pico-sdk/src/rp2_common/pico_platform/platform.c.obj
 .comment       0x00000049       0x4a CMakeFiles/midterm2.dir/C_/pico-sdk/src/rp2_common/hardware_sync/sync.c.obj
 .comment       0x00000049       0x4a CMakeFiles/midterm2.dir/C_/pico-sdk/src/rp2_common/hardware_irq/irq.c.obj
 .comment       0x00000049       0x4a CMakeFiles/midterm2.dir/C_/pico-sdk/src/common/pico_sync/lock_core.c.obj
 .comment       0x00000049       0x4a CMakeFiles/midterm2.dir/C_/pico-sdk/src/common/pico_time/time.c.obj
 .comment       0x00000049       0x4a CMakeFiles/midterm2.dir/C_/pico-sdk/src/rp2_common/hardware_timer/timer.c.obj
 .comment       0x00000049       0x4a CMakeFiles/midterm2.dir/C_/pico-sdk/src/common/pico_util/pheap.c.obj
 .comment       0x00000049       0x4a CMakeFiles/midterm2.dir/C_/pico-sdk/src/common/pico_sync/mutex.c.obj
 .comment       0x00000049       0x4a CMakeFiles/midterm2.dir/C_/pico-sdk/src/common/pico_sync/critical_section.c.obj
 .comment       0x00000049       0x4a CMakeFiles/midterm2.dir/C_/pico-sdk/src/rp2_common/pico_runtime/runtime.c.obj
 .comment       0x00000049       0x4a CMakeFiles/midterm2.dir/C_/pico-sdk/src/rp2_common/hardware_clocks/clocks.c.obj
 .comment       0x00000049       0x4a CMakeFiles/midterm2.dir/C_/pico-sdk/src/rp2_common/hardware_pll/pll.c.obj
 .comment       0x00000049       0x4a CMakeFiles/midterm2.dir/C_/pico-sdk/src/rp2_common/hardware_watchdog/watchdog.c.obj
 .comment       0x00000049       0x4a CMakeFiles/midterm2.dir/C_/pico-sdk/src/rp2_common/hardware_xosc/xosc.c.obj
 .comment       0x00000049       0x4a CMakeFiles/midterm2.dir/C_/pico-sdk/src/rp2_common/pico_printf/printf.c.obj
 .comment       0x00000049       0x4a CMakeFiles/midterm2.dir/C_/pico-sdk/src/rp2_common/pico_bootrom/bootrom.c.obj
 .comment       0x00000049       0x4a CMakeFiles/midterm2.dir/C_/pico-sdk/src/rp2_common/pico_double/double_init_rom.c.obj
 .comment       0x00000049       0x4a CMakeFiles/midterm2.dir/C_/pico-sdk/src/rp2_common/pico_float/float_init_rom.c.obj
 .comment       0x00000049       0x4a CMakeFiles/midterm2.dir/C_/pico-sdk/src/rp2_common/pico_malloc/pico_malloc.c.obj
 .comment       0x00000049       0x4a CMakeFiles/midterm2.dir/C_/pico-sdk/src/rp2_common/pico_standard_link/binary_info.c.obj
 .comment       0x00000049       0x4a CMakeFiles/midterm2.dir/C_/pico-sdk/src/rp2_common/pico_stdio/stdio.c.obj
 .comment       0x00000049       0x4a CMakeFiles/midterm2.dir/C_/pico-sdk/src/rp2_common/pico_stdio_usb/reset_interface.c.obj
 .comment       0x00000049       0x4a CMakeFiles/midterm2.dir/C_/pico-sdk/src/rp2_common/pico_stdio_usb/stdio_usb.c.obj
 .comment       0x00000049       0x4a CMakeFiles/midterm2.dir/C_/pico-sdk/src/rp2_common/pico_stdio_usb/stdio_usb_descriptors.c.obj
 .comment       0x00000049       0x4a CMakeFiles/midterm2.dir/C_/pico-sdk/lib/tinyusb/src/portable/raspberrypi/rp2040/dcd_rp2040.c.obj
 .comment       0x00000049       0x4a CMakeFiles/midterm2.dir/C_/pico-sdk/lib/tinyusb/src/portable/raspberrypi/rp2040/rp2040_usb.c.obj
 .comment       0x00000049       0x4a CMakeFiles/midterm2.dir/C_/pico-sdk/lib/tinyusb/src/device/usbd.c.obj
 .comment       0x00000049       0x4a CMakeFiles/midterm2.dir/C_/pico-sdk/lib/tinyusb/src/device/usbd_control.c.obj
 .comment       0x00000049       0x4a CMakeFiles/midterm2.dir/C_/pico-sdk/lib/tinyusb/src/class/cdc/cdc_device.c.obj
 .comment       0x00000049       0x4a CMakeFiles/midterm2.dir/C_/pico-sdk/lib/tinyusb/src/tusb.c.obj
 .comment       0x00000049       0x4a CMakeFiles/midterm2.dir/C_/pico-sdk/lib/tinyusb/src/common/tusb_fifo.c.obj
 .comment       0x00000049       0x4a CMakeFiles/midterm2.dir/C_/pico-sdk/src/rp2_common/pico_unique_id/unique_id.c.obj
 .comment       0x00000049       0x4a CMakeFiles/midterm2.dir/C_/pico-sdk/src/rp2_common/hardware_flash/flash.c.obj
 .comment       0x00000049       0x4a CMakeFiles/midterm2.dir/C_/pico-sdk/src/rp2_common/pico_multicore/multicore.c.obj

.debug_frame    0x00000000      0x128
 .debug_frame   0x00000000       0x38 c:/arm-gcc/10.2021.10/bin/../lib/gcc/arm-none-eabi/10.3.1/../../../../arm-none-eabi/lib/thumb/v6-m/nofp\libc.a(lib_a-rand.o)
 .debug_frame   0x00000038       0x28 c:/arm-gcc/10.2021.10/bin/../lib/gcc/arm-none-eabi/10.3.1/../../../../arm-none-eabi/lib/thumb/v6-m/nofp\libc.a(lib_a-strlen-stub.o)
 .debug_frame   0x00000060       0x2c c:/arm-gcc/10.2021.10/bin/../lib/gcc/arm-none-eabi/10.3.1/../../../../arm-none-eabi/lib/thumb/v6-m/nofp\libc.a(lib_a-time.o)
 .debug_frame   0x0000008c       0x2c c:/arm-gcc/10.2021.10/bin/../lib/gcc/arm-none-eabi/10.3.1/../../../../arm-none-eabi/lib/thumb/v6-m/nofp\libc.a(lib_a-gettimeofdayr.o)
 .debug_frame   0x000000b8       0x50 c:/arm-gcc/10.2021.10/bin/../lib/gcc/arm-none-eabi/10.3.1/../../../../arm-none-eabi/lib/thumb/v6-m/nofp\libc.a(lib_a-reent.o)
 .debug_frame   0x00000108       0x20 c:/arm-gcc/10.2021.10/bin/../lib/gcc/arm-none-eabi/10.3.1/../../../../arm-none-eabi/lib/thumb/v6-m/nofp\libnosys.a(gettod.o)

.stab           0x00000000       0x24
 .stab          0x00000000       0x24 c:/arm-gcc/10.2021.10/bin/../lib/gcc/arm-none-eabi/10.3.1/../../../../arm-none-eabi/lib/thumb/v6-m/nofp\libnosys.a(gettod.o)

.stabstr        0x00000000       0x4e
 .stabstr       0x00000000       0x4e c:/arm-gcc/10.2021.10/bin/../lib/gcc/arm-none-eabi/10.3.1/../../../../arm-none-eabi/lib/thumb/v6-m/nofp\libnosys.a(gettod.o)